Archive member included because of file (symbol)

contiki-z1.a(contiki-z1-plat)
                              obj_z1/contiki-z1-main.o (init_platform)
contiki-z1.a(msp430.o)        obj_z1/contiki-z1-main.o (splhigh_)
contiki-z1.a(leds.o)          obj_z1/contiki-z1-main.o (leds_init)
contiki-z1.a(watchdog.o)      obj_z1/contiki-z1-main.o (watchdog_start)
contiki-z1.a(xmem.o)          obj_z1/contiki-z1-main.o (xmem_init)
contiki-z1.a(spi.o)           contiki-z1.a(xmem.o) (spi_init)
contiki-z1.a(cc2420.o)        obj_z1/contiki-z1-main.o (cc2420_set_pan_addr)
contiki-z1.a(cc2420-arch.o)   contiki-z1.a(cc2420.o) (cc2420_arch_init)
contiki-z1.a(node-id.o)       obj_z1/contiki-z1-main.o (node_id_restore)
contiki-z1.a(sensors.o)       gatewayMote.co (sensors_event)
contiki-z1.a(button-sensor.o)
                              gatewayMote.co (button_sensor)
contiki-z1.a(uart0.o)         obj_z1/contiki-z1-main.o (uart0_active)
contiki-z1.a(uart0-putchar.o)
                              obj_z1/contiki-z1-main.o (putchar)
contiki-z1.a(sht11.o)         gatewayMote.co (sht11_init)
contiki-z1.a(light-sensor.o)  gatewayMote.co (light_sensor)
contiki-z1.a(sky-sensors.o)   contiki-z1.a(light-sensor.o) (sky_sensors_status)
contiki-z1.a(tmp102.o)        gatewayMote.co (tmp102_init)
contiki-z1.a(i2cmaster.o)     contiki-z1.a(tmp102.o) (i2c_receiveinit)
contiki-z1.a(adxl345.o)       obj_z1/contiki-z1-main.o (accm_init)
contiki-z1.a(clock.o)         obj_z1/contiki-z1-main.o (clock_init)
contiki-z1.a(leds-arch.o)     contiki-z1.a(leds.o) (leds_arch_init)
contiki-z1.a(rtimer-arch.o)   obj_z1/contiki-z1-main.o (rtimer_arch_now)
contiki-z1.a(autostart.o)     obj_z1/contiki-z1-main.o (autostart_start)
contiki-z1.a(ctimer.o)        obj_z1/contiki-z1-main.o (ctimer_init)
contiki-z1.a(energest.o)      obj_z1/contiki-z1-main.o (energest_init)
contiki-z1.a(etimer.o)        contiki-z1.a(clock.o) (etimer_request_poll)
contiki-z1.a(process.o)       contiki-z1.a(ctimer.o) (process_current)
contiki-z1.a(rtimer.o)        obj_z1/contiki-z1-main.o (rtimer_init)
contiki-z1.a(timer.o)         contiki-z1.a(button-sensor.o) (timer_set)
contiki-z1.a(serial-line.o)   gatewayMote.co (serial_line_event_message)
contiki-z1.a(list.o)          gatewayMote.co (list_init)
contiki-z1.a(memb.o)          gatewayMote.co (memb_init)
contiki-z1.a(random.o)        gatewayMote.co (random_rand)
contiki-z1.a(ringbuf.o)       contiki-z1.a(serial-line.o) (ringbuf_init)
contiki-z1.a(announcement.o)  gatewayMote.co (announcement_register)
contiki-z1.a(broadcast.o)     gatewayMote.co (broadcast_open)
contiki-z1.a(channel.o)       contiki-z1.a(broadcast.o) (channel_set_attributes)
contiki-z1.a(multihop.o)      gatewayMote.co (multihop_open)
contiki-z1.a(rime.o)          obj_z1/contiki-z1-main.o (rime_driver)
contiki-z1.a(unicast.o)       gatewayMote.co (unicast_open)
contiki-z1.a(linkaddr.o)      gatewayMote.co (linkaddr_copy)
contiki-z1.a(packetbuf.o)     contiki-z1.a(multihop.o) (packetbuf_compact)
contiki-z1.a(queuebuf.o)      contiki-z1.a(rime.o) (queuebuf_init)
contiki-z1.a(csma.o)          obj_z1/contiki-z1-main.o (csma_driver)
contiki-z1.a(mac.o)           contiki-z1.a(csma.o) (mac_call_sent_callback)
contiki-z1.a(contikimac.o)    obj_z1/contiki-z1-main.o (contikimac_driver)
contiki-z1.a(contikimac-fram)
                              contiki-z1.a(contikimac.o) (contikimac_framer)
contiki-z1.a(nullsec.o)       contiki-z1.a(rime.o) (nullsec_driver)
contiki-z1.a(compower.o)      contiki-z1.a(contikimac.o) (compower_accumulate)
contiki-z1.a(abc.o)           contiki-z1.a(broadcast.o) (abc_open)
contiki-z1.a(broadcast-annou)
                              contiki-z1.a(rime.o) (broadcast_announcement_init)
contiki-z1.a(chameleon.o)     contiki-z1.a(rime.o) (chameleon_init)
contiki-z1.a(framer-802154.o)
                              contiki-z1.a(contikimac-fram) (framer_802154)
contiki-z1.a(framer.o)        contiki-z1.a(framer-802154.o) (framer_canonical_create_and_secure)
contiki-z1.a(mac-sequence.o)  contiki-z1.a(contikimac.o) (mac_sequence_is_duplicate)
contiki-z1.a(chameleon-bitop)
                              contiki-z1.a(chameleon.o) (chameleon_bitopt)
contiki-z1.a(frame802154.o)   contiki-z1.a(framer-802154.o) (frame802154_hdrlen)
/usr/lib/gcc/msp430/4.6.3/mcpu-430x/mmpy-16/libgcc.a(_mulsi3.o)
                              contiki-z1.a(csma.o) (__mulsi3)
/usr/lib/gcc/msp430/4.6.3/mcpu-430x/mmpy-16/libgcc.a(_muldi3.o)
                              gatewayMote.co (__muldi3)
/usr/lib/gcc/msp430/4.6.3/mcpu-430x/mmpy-16/libgcc.a(_udivmod16.o)
                              gatewayMote.co (__umodhi3)
/usr/lib/gcc/msp430/4.6.3/mcpu-430x/mmpy-16/libgcc.a(_divmod16.o)
                              contiki-z1.a(tmp102.o) (__divhi3)
/usr/lib/gcc/msp430/4.6.3/mcpu-430x/mmpy-16/libgcc.a(_udivmod32.o)
                              obj_z1/contiki-z1-main.o (__udivsi3)
/usr/lib/gcc/msp430/4.6.3/mcpu-430x/mmpy-16/libgcc.a(_fixunssfsi.o)
[...]
Memory Configuration

Name             Origin             Length             Attributes
sfr              0x0000000000000000 0x0000000000000010
peripheral_8bit  0x0000000000000010 0x00000000000000f0
peripheral_16bit 0x0000000000000100 0x0000000000000100
ram_mirror       0x0000000000000200 0x0000000000000800 xw
infomem          0x0000000000001000 0x0000000000000100
infod            0x0000000000001000 0x0000000000000040
infoc            0x0000000000001040 0x0000000000000040
infob            0x0000000000001080 0x0000000000000040
infoa            0x00000000000010c0 0x0000000000000040
ram              0x0000000000001100 0x0000000000002000 xw
rom              0x0000000000003100 0x000000000000cebe xr
vectors          0x000000000000ffc0 0x0000000000000040
far_rom          0x0000000000010000 0x000000000000a000
bsl              0x0000000000000000 0x0000000000000000
ram2             0x0000000000000000 0x0000000000000000 xw
usbram           0x0000000000000000 0x0000000000000000 xw
*default*        0x0000000000000000 0xffffffffffffffff

Linker script and memory map

LOAD /usr/lib/gcc/msp430/4.6.3/mcpu-430x/mmpy-16/crt0ivtbl32.o
                0x0000000000000041                __P1SEL2 = 0x41
                0x0000000000000045                __P5SEL2 = 0x45
LOAD gatewayMote.co
LOAD obj_z1/contiki-z1-main.o
LOAD contiki-z1.a
LOAD /usr/lib/gcc/msp430/4.6.3/mcpu-430x/mmpy-16/libgcc.a
LOAD /usr/lib/gcc/msp430/4.6.3/../../../../msp430/lib/mcpu-430x/mmpy-16/libc.a
LOAD /usr/lib/gcc/msp430/4.6.3/mcpu-430x/mmpy-16/libgcc.a
LOAD /usr/lib/gcc/msp430/4.6.3/mcpu-430x/mmpy-16/libcrt0.a
                0x0000000000000040                PROVIDE (__info_segment_size, 0x40)
                0x0000000000001000                PROVIDE (__infod, 0x1000)
                0x0000000000001040                PROVIDE (__infoc, 0x1040)
                0x0000000000001080                PROVIDE (__infob, 0x1080)
                0x00000000000010c0                PROVIDE (__infoa, 0x10c0)
                0x0000000000000000                __IE1 = 0x0
                0x0000000000000002                __IFG1 = 0x2
                0x0000000000000001                __IE2 = 0x1
                0x0000000000000003                __IFG2 = 0x3
                0x0000000000000006                __UC1IE = 0x6
                0x0000000000000007                __UC1IFG = 0x7
                0x00000000000001a0                __ADC12CTL0 = 0x1a0
                0x00000000000001a2                __ADC12CTL1 = 0x1a2
                0x00000000000001a4                __ADC12IFG = 0x1a4
                0x00000000000001a6                __ADC12IE = 0x1a6
                0x00000000000001a8                __ADC12IV = 0x1a8
                0x0000000000000140                __ADC12MEM0 = 0x140
                0x0000000000000142                __ADC12MEM1 = 0x142
                0x0000000000000144                __ADC12MEM2 = 0x144
                0x0000000000000146                __ADC12MEM3 = 0x146
                0x0000000000000148                __ADC12MEM4 = 0x148
                0x000000000000014a                __ADC12MEM5 = 0x14a
                0x000000000000014c                __ADC12MEM6 = 0x14c
                0x000000000000014e                __ADC12MEM7 = 0x14e
                0x0000000000000150                __ADC12MEM8 = 0x150
                0x0000000000000152                __ADC12MEM9 = 0x152
                0x0000000000000154                __ADC12MEM10 = 0x154
                0x0000000000000156                __ADC12MEM11 = 0x156
                0x0000000000000158                __ADC12MEM12 = 0x158
                0x000000000000015a                __ADC12MEM13 = 0x15a
                0x000000000000015c                __ADC12MEM14 = 0x15c
                0x000000000000015e                __ADC12MEM15 = 0x15e
                0x0000000000000080                __ADC12MCTL0 = 0x80
                0x0000000000000081                __ADC12MCTL1 = 0x81
                0x0000000000000082                __ADC12MCTL2 = 0x82
                0x0000000000000083                __ADC12MCTL3 = 0x83
                0x0000000000000084                __ADC12MCTL4 = 0x84
                0x0000000000000085                __ADC12MCTL5 = 0x85
                0x0000000000000086                __ADC12MCTL6 = 0x86
                0x0000000000000087                __ADC12MCTL7 = 0x87
                0x0000000000000088                __ADC12MCTL8 = 0x88
                0x0000000000000089                __ADC12MCTL9 = 0x89
                0x000000000000008a                __ADC12MCTL10 = 0x8a
                0x000000000000008b                __ADC12MCTL11 = 0x8b
                0x000000000000008c                __ADC12MCTL12 = 0x8c
                0x000000000000008d                __ADC12MCTL13 = 0x8d
                0x000000000000008e                __ADC12MCTL14 = 0x8e
                0x000000000000008f                __ADC12MCTL15 = 0x8f
                0x0000000000000056                __DCOCTL = 0x56
                0x0000000000000057                __BCSCTL1 = 0x57
                0x0000000000000058                __BCSCTL2 = 0x58
                0x0000000000000053                __BCSCTL3 = 0x53
                0x0000000000000059                __CACTL1 = 0x59
                0x000000000000005a                __CACTL2 = 0x5a
                0x000000000000005b                __CAPD = 0x5b
                0x00000000000001c0                __DAC12_0CTL = 0x1c0
                0x00000000000001c2                __DAC12_1CTL = 0x1c2
                0x00000000000001c8                __DAC12_0DAT = 0x1c8
                0x00000000000001ca                __DAC12_1DAT = 0x1ca
                0x0000000000000122                __DMACTL0 = 0x122
                0x0000000000000124                __DMACTL1 = 0x124
                0x0000000000000126                __DMAIV = 0x126
                0x00000000000001d0                __DMA0CTL = 0x1d0
                0x00000000000001dc                __DMA1CTL = 0x1dc
                0x00000000000001e8                __DMA2CTL = 0x1e8
                0x00000000000001d2                __DMA0SA = 0x1d2
                0x00000000000001d2                __DMA0SAL = 0x1d2
                0x00000000000001d6                __DMA0DA = 0x1d6
                0x00000000000001d6                __DMA0DAL = 0x1d6
                0x00000000000001da                __DMA0SZ = 0x1da
                0x00000000000001de                __DMA1SA = 0x1de
                0x00000000000001de                __DMA1SAL = 0x1de
                0x00000000000001e2                __DMA1DA = 0x1e2
                0x00000000000001e2                __DMA1DAL = 0x1e2
                0x00000000000001e6                __DMA1SZ = 0x1e6
                0x00000000000001ea                __DMA2SA = 0x1ea
                0x00000000000001ea                __DMA2SAL = 0x1ea
                0x00000000000001ee                __DMA2DA = 0x1ee
                0x00000000000001ee                __DMA2DAL = 0x1ee
                0x00000000000001f2                __DMA2SZ = 0x1f2
                0x0000000000000128                __FCTL1 = 0x128
                0x000000000000012a                __FCTL2 = 0x12a
                0x000000000000012c                __FCTL3 = 0x12c
                0x00000000000001be                __FCTL4 = 0x1be
                0x0000000000000130                __MPY = 0x130
                0x0000000000000132                __MPYS = 0x132
                0x0000000000000134                __MAC = 0x134
                0x0000000000000136                __MACS = 0x136
                0x0000000000000138                __OP2 = 0x138
                0x000000000000013a                __RESLO = 0x13a
                0x000000000000013c                __RESHI = 0x13c
                0x000000000000013e                __SUMEXT = 0x13e
                0x0000000000000020                __P1IN = 0x20
                0x0000000000000021                __P1OUT = 0x21
                0x0000000000000022                __P1DIR = 0x22
                0x0000000000000023                __P1IFG = 0x23
                0x0000000000000024                __P1IES = 0x24
                0x0000000000000025                __P1IE = 0x25
                0x0000000000000026                __P1SEL = 0x26
                0x0000000000000027                __P1REN = 0x27
                0x0000000000000028                __P2IN = 0x28
                0x0000000000000029                __P2OUT = 0x29
                0x000000000000002a                __P2DIR = 0x2a
                0x000000000000002b                __P2IFG = 0x2b
                0x000000000000002c                __P2IES = 0x2c
                0x000000000000002d                __P2IE = 0x2d
                0x000000000000002e                __P2SEL = 0x2e
                0x000000000000002f                __P2REN = 0x2f
                0x0000000000000018                __P3IN = 0x18
                0x0000000000000019                __P3OUT = 0x19
                0x000000000000001a                __P3DIR = 0x1a
                0x000000000000001b                __P3SEL = 0x1b
                0x0000000000000010                __P3REN = 0x10
                0x000000000000001c                __P4IN = 0x1c
                0x000000000000001d                __P4OUT = 0x1d
                0x000000000000001e                __P4DIR = 0x1e
                0x000000000000001f                __P4SEL = 0x1f
                0x0000000000000011                __P4REN = 0x11
                0x0000000000000030                __P5IN = 0x30
                0x0000000000000031                __P5OUT = 0x31
                0x0000000000000032                __P5DIR = 0x32
                0x0000000000000033                __P5SEL = 0x33
                0x0000000000000012                __P5REN = 0x12
                0x0000000000000034                __P6IN = 0x34
                0x0000000000000035                __P6OUT = 0x35
                0x0000000000000036                __P6DIR = 0x36
                0x0000000000000037                __P6SEL = 0x37
                0x0000000000000013                __P6REN = 0x13
                0x0000000000000038                __P7IN = 0x38
                0x000000000000003a                __P7OUT = 0x3a
                0x000000000000003c                __P7DIR = 0x3c
                0x000000000000003e                __P7SEL = 0x3e
                0x0000000000000014                __P7REN = 0x14
                0x0000000000000039                __P8IN = 0x39
                0x000000000000003b                __P8OUT = 0x3b
                0x000000000000003d                __P8DIR = 0x3d
                0x000000000000003f                __P8SEL = 0x3f
                0x0000000000000015                __P8REN = 0x15
                0x0000000000000038                __PAIN = 0x38
                0x000000000000003a                __PAOUT = 0x3a
                0x000000000000003c                __PADIR = 0x3c
                0x000000000000003e                __PASEL = 0x3e
                0x0000000000000014                __PAREN = 0x14
                0x0000000000000055                __SVSCTL = 0x55
                0x000000000000012e                __TAIV = 0x12e
                0x0000000000000160                __TACTL = 0x160
                0x0000000000000162                __TACCTL0 = 0x162
                0x0000000000000164                __TACCTL1 = 0x164
                0x0000000000000166                __TACCTL2 = 0x166
                0x0000000000000170                __TAR = 0x170
                0x0000000000000172                __TACCR0 = 0x172
                0x0000000000000174                __TACCR1 = 0x174
                0x0000000000000176                __TACCR2 = 0x176
                0x000000000000011e                __TBIV = 0x11e
                0x0000000000000180                __TBCTL = 0x180
                0x0000000000000182                __TBCCTL0 = 0x182
                0x0000000000000184                __TBCCTL1 = 0x184
                0x0000000000000186                __TBCCTL2 = 0x186
                0x0000000000000188                __TBCCTL3 = 0x188
                0x000000000000018a                __TBCCTL4 = 0x18a
                0x000000000000018c                __TBCCTL5 = 0x18c
                0x000000000000018e                __TBCCTL6 = 0x18e
                0x0000000000000190                __TBR = 0x190
                0x0000000000000192                __TBCCR0 = 0x192
                0x0000000000000194                __TBCCR1 = 0x194
                0x0000000000000196                __TBCCR2 = 0x196
                0x0000000000000198                __TBCCR3 = 0x198
                0x000000000000019a                __TBCCR4 = 0x19a
                0x000000000000019c                __TBCCR5 = 0x19c
                0x000000000000019e                __TBCCR6 = 0x19e
                0x0000000000000060                __UCA0CTL0 = 0x60
                0x0000000000000061                __UCA0CTL1 = 0x61
                0x0000000000000062                __UCA0BR0 = 0x62
                0x0000000000000063                __UCA0BR1 = 0x63
                0x0000000000000064                __UCA0MCTL = 0x64
                0x0000000000000065                __UCA0STAT = 0x65
                0x0000000000000066                __UCA0RXBUF = 0x66
                0x0000000000000067                __UCA0TXBUF = 0x67
                0x000000000000005d                __UCA0ABCTL = 0x5d
                0x000000000000005e                __UCA0IRTCTL = 0x5e
                0x000000000000005f                __UCA0IRRCTL = 0x5f
                0x0000000000000068                __UCB0CTL0 = 0x68
                0x0000000000000069                __UCB0CTL1 = 0x69
                0x000000000000006a                __UCB0BR0 = 0x6a
                0x000000000000006b                __UCB0BR1 = 0x6b
                0x000000000000006c                __UCB0I2CIE = 0x6c
                0x000000000000006d                __UCB0STAT = 0x6d
                0x000000000000006e                __UCB0RXBUF = 0x6e
                0x000000000000006f                __UCB0TXBUF = 0x6f
                0x0000000000000118                __UCB0I2COA = 0x118
                0x000000000000011a                __UCB0I2CSA = 0x11a
                0x00000000000000d0                __UCA1CTL0 = 0xd0
                0x00000000000000d1                __UCA1CTL1 = 0xd1
                0x00000000000000d2                __UCA1BR0 = 0xd2
                0x00000000000000d3                __UCA1BR1 = 0xd3
                0x00000000000000d4                __UCA1MCTL = 0xd4
                0x00000000000000d5                __UCA1STAT = 0xd5
                0x00000000000000d6                __UCA1RXBUF = 0xd6
                0x00000000000000d7                __UCA1TXBUF = 0xd7
                0x00000000000000cd                __UCA1ABCTL = 0xcd
                0x00000000000000ce                __UCA1IRTCTL = 0xce
                0x00000000000000cf                __UCA1IRRCTL = 0xcf
                0x00000000000000d8                __UCB1CTL0 = 0xd8
                0x00000000000000d9                __UCB1CTL1 = 0xd9
                0x00000000000000da                __UCB1BR0 = 0xda
                0x00000000000000db                __UCB1BR1 = 0xdb
                0x00000000000000dc                __UCB1I2CIE = 0xdc
                0x00000000000000dd                __UCB1STAT = 0xdd
                0x00000000000000de                __UCB1RXBUF = 0xde
                0x00000000000000df                __UCB1TXBUF = 0xdf
                0x000000000000017c                __UCB1I2COA = 0x17c
                0x000000000000017e                __UCB1I2CSA = 0x17e
                0x0000000000000120                __WDTCTL = 0x120
                0x00000000000010c0                __TLV_CHECKSUM = 0x10c0
                0x00000000000010f6                __TLV_DCO_30_TAG = 0x10f6
                0x00000000000010f7                __TLV_DCO_30_LEN = 0x10f7
                0x00000000000010da                __TLV_ADC12_1_TAG = 0x10da
                0x00000000000010db                __TLV_ADC12_1_LEN = 0x10db
                0x00000000000010f8                __CALDCO_16MHZ = 0x10f8
                0x00000000000010f9                __CALBC1_16MHZ = 0x10f9
                0x00000000000010fa                __CALDCO_12MHZ = 0x10fa
                0x00000000000010fb                __CALBC1_12MHZ = 0x10fb
                0x00000000000010fc                __CALDCO_8MHZ = 0x10fc
                0x00000000000010fd                __CALBC1_8MHZ = 0x10fd
                0x00000000000010fe                __CALDCO_1MHZ = 0x10fe
                0x00000000000010ff                __CALBC1_1MHZ = 0x10ff

.hash
 *(.hash)

.dynsym
 *(.dynsym)

.dynstr
 *(.dynstr)

.gnu.version
 *(.gnu.version)

.gnu.version_d
 *(.gnu.version_d)

.gnu.version_r
 *(.gnu.version_r)

.rel.init
 *(.rel.init)

.rela.init
 *(.rela.init)

.rel.fini
 *(.rel.fini)

.rela.fini
 *(.rela.fini)

.rel.text
 *(.rel.text .rel.text.* .rel.gnu.linkonce.t.*)

.rela.text
 *(.rela.text .rela.text.* .rela.gnu.linkonce.t.*)

.rel.rodata
 *(.rel.rodata .rel.rodata.* .rel.gnu.linkonce.r.*)

.rela.rodata
 *(.rela.rodata .rela.rodata.* .rela.gnu.linkonce.r.*)

.rel.data
 *(.rel.data .rel.data.* .rel.gnu.linkonce.d.*)

.rela.data
 *(.rela.data .rela.data.* .rela.gnu.linkonce.d.*)

.rel.bss
 *(.rel.bss .rel.bss.* .rel.gnu.linkonce.b.*)

.rela.bss
 *(.rela.bss .rela.bss.* .rela.gnu.linkonce.b.*)

.rel.ctors
 *(.rel.ctors)

.rela.ctors
 *(.rela.ctors)

.rel.dtors
 *(.rel.dtors)

.rela.dtors
 *(.rela.dtors)

.rel.got
 *(.rel.got)

.rela.got
 *(.rela.got)

.rel.plt
 *(.rel.plt)

.rela.plt
 *(.rela.plt)

.text           0x0000000000003100     0x8dfa
                0x0000000000003100                . = ALIGN (0x2)
 *(.init .init.*)
 *(.init0)
 .init0         0x0000000000003100        0x0 /usr/lib/gcc/msp430/4.6.3/mcpu-430x/mmpy-16/libcrt0.a(_reset_vector__.o)
                0x0000000000003100                _reset_vector__
 *(.init1)
 .init1         0x0000000000003100        0xc /usr/lib/gcc/msp430/4.6.3/mcpu-430x/mmpy-16/libcrt0.a(__watchdog_support.o)
                0x0000000000003100                __watchdog_support
 *(.init2)
 .init2         0x000000000000310c        0x4 /usr/lib/gcc/msp430/4.6.3/mcpu-430x/mmpy-16/libcrt0.a(__init_stack.o)
                0x000000000000310c                __init_stack
 *(.init3)
 .init3         0x0000000000003110        0x0 /usr/lib/gcc/msp430/4.6.3/mcpu-430x/mmpy-16/libcrt0.a(__low_level_init.o)
                0x0000000000003110                __low_level_init
 *(.init4)
 .init4         0x0000000000003110       0x18 /usr/lib/gcc/msp430/4.6.3/mcpu-430x/mmpy-16/libcrt0.a(_copy_data.o)
                0x0000000000003110                __do_copy_data
 .init4         0x0000000000003128       0x16 /usr/lib/gcc/msp430/4.6.3/mcpu-430x/mmpy-16/libcrt0.a(_clear_bss.o)
                0x0000000000003128                __do_clear_bss
 *(.init5)
 *(.init6)
 *(.init7)
 *(.init8)
 *(.init9)
 .init9         0x000000000000313e      0x31c obj_z1/contiki-z1-main.o
                0x000000000000313e                main
 *(.fini9)
 .fini9         0x000000000000345a        0x0 /usr/lib/gcc/msp430/4.6.3/mcpu-430x/mmpy-16/libcrt0.a(__stop_progExec__.o)
                0x000000000000345a                __stop_progExec__
 *(.fini8)
 *(.fini7)
 *(.fini6)
 *(.fini5)
 *(.fini4)
 *(.fini3)
 *(.fini2)
 *(.fini1)
 *(.fini0)
 .fini0         0x000000000000345a        0x6 /usr/lib/gcc/msp430/4.6.3/mcpu-430x/mmpy-16/libcrt0.a(_endless_loop__.o)
                0x000000000000345a                _endless_loop__
 *(.fini .fini.*)
                0x0000000000003460                . = ALIGN (0x2)
                0x0000000000003460                __ctors_start = .
 *(.ctors)
                0x0000000000003460                __ctors_end = .
                0x0000000000003460                __dtors_start = .
 *(.dtors)
                0x0000000000003460                __dtors_end = .
                0x0000000000003460                . = ALIGN (0x2)
 *(.text .text.* .gnu.linkonce.t.*)
 .text          0x0000000000003460        0x4 /usr/lib/gcc/msp430/4.6.3/mcpu-430x/mmpy-16/crt0ivtbl32.o
                0x0000000000003460                __isr_14
                0x0000000000003460                __isr_4
                0x0000000000003460                __isr_29
                0x0000000000003460                __isr_11
                0x0000000000003460                __isr_5
                0x0000000000003460                __isr_2
                0x0000000000003460                __isr_10
                0x0000000000003460                __isr_7
                0x0000000000003460                __isr_0
                0x0000000000003460                __isr_28
                0x0000000000003460                __isr_8
                0x0000000000003460                __isr_20
                0x0000000000003460                __isr_3
                0x0000000000003460                __isr_12
                0x0000000000003460                __isr_13
                0x0000000000003460                __isr_27
                0x0000000000003460                __isr_9
                0x0000000000003460                __isr_30
                0x0000000000003460                __isr_6
                0x0000000000003460                __isr_22
                0x0000000000003460                __isr_1
                0x0000000000003460                __isr_15
                0x0000000000003460                __isr_21
 .text.crt0     0x0000000000003464        0x0 /usr/lib/gcc/msp430/4.6.3/mcpu-430x/mmpy-16/crt0ivtbl32.o
 .text          0x0000000000003464     0x236a gatewayMote.co
                0x0000000000003464                peek
                0x000000000000351a                display
                0x0000000000003798                push
                0x0000000000003c1a                pop
                0x0000000000003c86                createQueue
                0x0000000000003cac                createMessage
                0x0000000000003dd2                get_id
                0x0000000000003dd8                sense_leds
                0x0000000000003dde                atob
                0x00000000000040bc                sscanf
                0x00000000000040d0                bufferizeSubscribeMessage
                0x0000000000004106                unbufferizeSubscribeMessage
                0x000000000000417a                bufferizeUnSubscribeMessage
                0x00000000000041b0                unbufferizeUnSubscribeMessage
                0x0000000000004224                bufferizeNotifyMessage
                0x0000000000004274                gwSendNotificationSerial
                0x00000000000042be                logging
                0x0000000000004338                set_as_gateway
                0x0000000000004360                print_id
                0x000000000000437a                gwSendSubscriptionSerial
                0x00000000000043b0                gwHandleSubscription
                0x0000000000004412                sensorSendNotification
                0x0000000000004496                unbufferizeNotifyMessage
                0x00000000000045a2                gwHandleNotification
                0x0000000000004702                bufferizePublishMessage
                0x0000000000004736                gwSendPublicationSerial
                0x0000000000004780                unbufferizePublishMessage
                0x00000000000047ec                gwHandlePublication
                0x0000000000004860                bufferizeUnPublishMessage
                0x0000000000004894                unbufferizeUnPublishMessage
                0x0000000000004900                getMessageType
                0x0000000000004934                gwHandleMessage
                0x0000000000004a4c                translateMeasurementType
                0x0000000000004b56                explainMeasurementType
                0x0000000000004bc2                translateMeasurementUnit
                0x0000000000004c64                explainMeasurementUnit
                0x0000000000004cac                translateDataType
                0x0000000000004d14                explainDataType
                0x0000000000004d4a                translatePublicationType
                0x0000000000004da6                explainPublicationType
                0x0000000000004ddc                custom_atof
                0x0000000000004e78                sense_light
                0x0000000000004e9e                sense_infrared
                0x0000000000004ec4                sense_temperature
                0x0000000000004ef0                sense_humidity
                0x00000000000053ac                sense_temperature_float
                0x00000000000053d2                sense_temperature_float_Z1
                0x000000000000576e                sense_humidity_float
 .text          0x00000000000057ce        0x6 obj_z1/contiki-z1-main.o
                0x00000000000057ce                uip_log
 .text          0x00000000000057d4        0xc contiki-z1.a(contiki-z1-plat)
                0x00000000000057d4                init_platform
 .text          0x00000000000057e0       0xcc contiki-z1.a(msp430.o)
                0x00000000000057e0                msp430_init_dco
                0x0000000000005808                splhigh_
                0x0000000000005810                msp430_sync_dco
                0x0000000000005882                msp430_cpu_init
 .text          0x00000000000058ac      0x146 contiki-z1.a(leds.o)
                0x000000000000599a                leds_init
                0x00000000000059a4                leds_get
                0x00000000000059aa                leds_set
                0x00000000000059b0                leds_on
                0x00000000000059ba                leds_off
                0x00000000000059c8                leds_toggle
                0x00000000000059d2                leds_blink
 .text          0x00000000000059f2       0x5c contiki-z1.a(watchdog.o)
                0x00000000000059f2                __isr_26
                0x00000000000059f2                watchdog_interrupt
                0x00000000000059f8                watchdog_start
                0x0000000000005a0c                watchdog_periodic
                0x0000000000005a1e                watchdog_stop
                0x0000000000005a34                watchdog_init
                0x0000000000005a48                watchdog_reboot
 .text          0x0000000000005a4e      0x350 contiki-z1.a(xmem.o)
                0x0000000000005ac6                xmem_init
                0x0000000000005ae4                xmem_pread
                0x0000000000005bb4                xmem_pwrite
                0x0000000000005ce8                xmem_erase
 .text          0x0000000000005d9e       0x38 contiki-z1.a(spi.o)
                0x0000000000005d9e                spi_init
 .text          0x0000000000005dd6      0xa2e contiki-z1.a(cc2420.o)
                0x0000000000006166                cc2420_on
                0x0000000000006188                cc2420_off
                0x000000000000639a                cc2420_get_channel
                0x00000000000063a0                cc2420_set_channel
                0x00000000000063da                cc2420_set_pan_addr
                0x0000000000006426                cc2420_interrupt
                0x000000000000643e                cc2420_set_txpower
                0x000000000000644c                cc2420_get_txpower
                0x000000000000659e                cc2420_rssi
                0x000000000000668c                cc2420_set_cca_threshold
                0x0000000000006726                cc2420_init
 .text          0x0000000000006804       0x1a contiki-z1.a(cc2420-arch.o)
                0x0000000000006804                cc2420_arch_init
 .text          0x000000000000681e       0x9a contiki-z1.a(node-id.o)
                0x000000000000681e                node_id_restore
                0x000000000000686a                node_id_burn
 .text          0x00000000000068b8      0x158 contiki-z1.a(sensors.o)
                0x0000000000006976                sensors_first
                0x000000000000697c                sensors_next
                0x00000000000069a8                sensors_changed
                0x00000000000069d2                sensors_find
 .text          0x0000000000006a10      0x100 contiki-z1.a(button-sensor.o)
                0x0000000000006a9a                irq_p2
                0x0000000000006a9a                __isr_19
 .text          0x0000000000006b10       0xd8 contiki-z1.a(uart0.o)
                0x0000000000006b10                uart0_active
                0x0000000000006b1e                uart0_set_input
                0x0000000000006b24                uart0_writeb
                0x0000000000006b3c                uart0_init
                0x0000000000006b82                __isr_23
                0x0000000000006b82                uart0_rx_interrupt
 .text          0x0000000000006be8       0x10 contiki-z1.a(uart0-putchar.o)
                0x0000000000006be8                putchar
 .text          0x0000000000006bf8      0x266 contiki-z1.a(sht11.o)
                0x0000000000006da4                sht11_init
                0x0000000000006dc2                sht11_off
                0x0000000000006dd6                sht11_temp
                0x0000000000006de0                sht11_humidity
                0x0000000000006dea                sht11_sreg
 .text          0x0000000000006e5e       0x2e contiki-z1.a(light-sensor.o)
 .text          0x0000000000006e8c      0x136 contiki-z1.a(sky-sensors.o)
                0x0000000000006e8c                sky_sensors_status
                0x0000000000006ece                sky_sensors_configure
 .text          0x0000000000006fc2      0x132 contiki-z1.a(tmp102.o)
                0x0000000000006fc2                tmp102_init
                0x0000000000006ff0                tmp102_write_reg
                0x0000000000007028                tmp102_read_reg
                0x0000000000007088                tmp102_read_temp_raw
                0x0000000000007090                tmp102_read_temp_x100
                0x00000000000070e6                tmp102_read_temp_simple
 .text          0x00000000000070f4      0x1b2 contiki-z1.a(i2cmaster.o)
                0x00000000000070f4                i2c_setrate
                0x00000000000070fa                i2c_receiveinit
                0x0000000000007132                i2c_transmitinit
                0x0000000000007164                i2c_receive_n
                0x00000000000071a8                i2c_busy
                0x00000000000071b2                i2c_enable
                0x00000000000071d6                i2c_disable
                0x00000000000071f0                i2c_transmit_n
                0x0000000000007204                __isr_16
                0x0000000000007204                i2c_tx_interrupt
                0x000000000000728e                i2c_rx_interrupt
                0x000000000000728e                __isr_17
 .text          0x00000000000072a6      0x318 contiki-z1.a(adxl345.o)
                0x00000000000072a6                accm_write_reg
                0x00000000000072d4                accm_write_stream
                0x00000000000072fe                accm_read_reg
                0x00000000000073a8                accm_read_stream
                0x00000000000073fa                accm_read_axis
                0x0000000000007420                accm_set_grange
                0x0000000000007444                accm_init
                0x00000000000074ce                accm_set_irq
                0x00000000000074fa                port1_isr
                0x00000000000074fa                __isr_18
 .text          0x00000000000075be      0x1e8 contiki-z1.a(clock.o)
                0x00000000000075be                __isr_24
                0x00000000000075be                timera1
                0x00000000000076c8                clock_time
                0x00000000000076e2                clock_set
                0x00000000000076f8                clock_fine_max
                0x00000000000076fe                clock_fine
                0x000000000000770a                clock_init
                0x0000000000007732                clock_delay
                0x000000000000773e                clock_wait
                0x0000000000007766                clock_set_seconds
                0x000000000000777e                clock_seconds
                0x0000000000007798                clock_counter
 .text          0x00000000000077a6       0x78 contiki-z1.a(leds-arch.o)
                0x00000000000077a6                leds_arch_init
                0x00000000000077b4                leds_arch_get
                0x00000000000077e4                leds_arch_set
 .text          0x000000000000781e       0x7e contiki-z1.a(rtimer-arch.o)
                0x000000000000781e                rtimer_arch_init
                0x000000000000782c                rtimer_arch_now
                0x000000000000783a                __isr_25
                0x000000000000783a                timera0
                0x0000000000007896                rtimer_arch_schedule
 .text          0x000000000000789c       0x2a contiki-z1.a(autostart.o)
                0x000000000000789c                autostart_start
                0x00000000000078b2                autostart_exit
 .text          0x00000000000078c6      0x1ae contiki-z1.a(ctimer.o)
                0x0000000000007962                ctimer_init
                0x000000000000797a                ctimer_set
                0x00000000000079c2                ctimer_reset
                0x00000000000079ee                ctimer_restart
                0x0000000000007a1a                ctimer_stop
                0x0000000000007a42                ctimer_expired
 .text          0x0000000000007a74       0xae contiki-z1.a(energest.o)
                0x0000000000007a74                energest_init
                0x0000000000007a9c                energest_type_time
                0x0000000000007ad8                energest_leveldevice_leveltime
                0x0000000000007ade                energest_type_set
                0x0000000000007aea                energest_flush
 .text          0x0000000000007b22      0x252 contiki-z1.a(etimer.o)
                0x0000000000007b92                etimer_request_poll
                0x0000000000007c9c                etimer_set
                0x0000000000007cae                etimer_reset
                0x0000000000007cc0                etimer_restart
                0x0000000000007cd2                etimer_adjust
                0x0000000000007cec                etimer_expired
                0x0000000000007cfa                etimer_expiration_time
                0x0000000000007d0e                etimer_start_time
                0x0000000000007d16                etimer_pending
                0x0000000000007d22                etimer_next_expiration_time
                0x0000000000007d38                etimer_stop
 .text          0x0000000000007d74      0x2a0 contiki-z1.a(process.o)
                0x0000000000007e74                process_alloc_event
                0x0000000000007e82                process_exit
                0x0000000000007e8c                process_init
                0x0000000000007ea8                process_run
                0x0000000000007f4c                process_nevents
                0x0000000000007f5a                process_post
                0x0000000000007faa                process_post_synch
                0x0000000000007fbc                process_start
                0x0000000000007fee                process_poll
                0x0000000000008006                process_is_running
 .text          0x0000000000008014       0x50 contiki-z1.a(rtimer.o)
                0x0000000000008014                rtimer_init
                0x000000000000801a                rtimer_set
                0x000000000000803e                rtimer_run_next
 .text          0x0000000000008064       0x8c contiki-z1.a(timer.o)
                0x0000000000008064                timer_set
                0x0000000000008080                timer_reset
                0x000000000000808e                timer_restart
                0x00000000000080a2                timer_expired
                0x00000000000080cc                timer_remaining
 .text          0x00000000000080f0      0x102 contiki-z1.a(serial-line.o)
                0x000000000000818c                serial_line_input_byte
                0x00000000000081d6                serial_line_init
 .text          0x00000000000081f2       0xf6 contiki-z1.a(list.o)
                0x00000000000081f2                list_init
                0x00000000000081f8                list_head
                0x00000000000081fc                list_copy
                0x0000000000008202                list_tail
                0x0000000000008214                list_chop
                0x0000000000008238                list_pop
                0x0000000000008246                list_remove
                0x000000000000827a                list_push
                0x0000000000008290                list_add
                0x00000000000082b6                list_length
                0x00000000000082c6                list_insert
                0x00000000000082dc                list_item_next
 .text          0x00000000000082e8      0x102 contiki-z1.a(memb.o)
                0x00000000000082e8                memb_init
                0x000000000000831e                memb_alloc
                0x000000000000835c                memb_free
                0x0000000000008396                memb_inmemb
                0x00000000000083c4                memb_numfree
 .text          0x00000000000083ea        0xc contiki-z1.a(random.o)
                0x00000000000083ea                random_init
                0x00000000000083f0                random_rand
 .text          0x00000000000083f6       0x94 contiki-z1.a(ringbuf.o)
                0x00000000000083f6                ringbuf_init
                0x000000000000840a                ringbuf_put
                0x0000000000008442                ringbuf_get
                0x0000000000008470                ringbuf_size
                0x0000000000008478                ringbuf_elements
 .text          0x000000000000848a      0x114 contiki-z1.a(announcement.o)
                0x000000000000848a                announcement_init
                0x0000000000008494                announcement_register
                0x00000000000084ce                announcement_remove
                0x00000000000084da                announcement_remove_value
                0x00000000000084fc                announcement_set_value
                0x0000000000008524                announcement_bump
                0x0000000000008546                announcement_listen
                0x0000000000008552                announcement_register_listen_callback
                0x0000000000008558                announcement_register_observer_callback
                0x000000000000855e                announcement_list
                0x0000000000008568                announcement_heard
 .text          0x000000000000859e       0x78 contiki-z1.a(broadcast.o)
                0x00000000000085d4                broadcast_open
                0x00000000000085f6                broadcast_close
                0x00000000000085fc                broadcast_send
 .text          0x0000000000008616       0x66 contiki-z1.a(channel.o)
                0x0000000000008616                channel_init
                0x0000000000008620                channel_open
                0x0000000000008630                channel_close
                0x000000000000863c                channel_lookup
                0x000000000000865c                channel_set_attributes
 .text          0x000000000000867c      0x10c contiki-z1.a(multihop.o)
                0x000000000000867c                data_packet_received
                0x0000000000008700                multihop_open
                0x0000000000008722                multihop_close
                0x0000000000008728                multihop_send
                0x0000000000008782                multihop_resend
 .text          0x0000000000008788       0xd8 contiki-z1.a(rime.o)
                0x0000000000008824                rime_sniffer_add
                0x0000000000008830                rime_sniffer_remove
                0x000000000000883c                rime_output
 .text          0x0000000000008860       0x78 contiki-z1.a(unicast.o)
                0x000000000000889a                unicast_open
                0x00000000000088bc                unicast_close
                0x00000000000088c2                unicast_send
 .text          0x00000000000088d8       0x2a contiki-z1.a(linkaddr.o)
                0x00000000000088d8                linkaddr_copy
                0x00000000000088e4                linkaddr_cmp
                0x00000000000088f6                linkaddr_set_node_addr
 .text          0x0000000000008902      0x1e2 contiki-z1.a(packetbuf.o)
                0x0000000000008902                packetbuf_clear_hdr
                0x000000000000890a                packetbuf_compact
                0x0000000000008938                packetbuf_copyto_hdr
                0x0000000000008954                packetbuf_copyto
                0x000000000000899a                packetbuf_hdr_remove
                0x00000000000089a0                packetbuf_hdrreduce
                0x00000000000089ba                packetbuf_set_datalen
                0x00000000000089c0                packetbuf_dataptr
                0x00000000000089ce                packetbuf_hdrptr
                0x00000000000089d8                packetbuf_datalen
                0x00000000000089de                packetbuf_hdrlen
                0x00000000000089ee                packetbuf_totlen
                0x00000000000089fa                packetbuf_hdralloc
                0x0000000000008a24                packetbuf_attr_clear
                0x0000000000008a50                packetbuf_clear
                0x0000000000008a6a                packetbuf_copyfrom
                0x0000000000008a94                packetbuf_attr_copyto
                0x0000000000008ab4                packetbuf_attr_copyfrom
                0x0000000000008ad6                packetbuf_holds_broadcast
 .text          0x0000000000008ae4      0x13c contiki-z1.a(queuebuf.o)
                0x0000000000008ae4                queuebuf_init
                0x0000000000008af6                queuebuf_numfree
                0x0000000000008b00                queuebuf_new_from_packetbuf
                0x0000000000008b4e                queuebuf_update_attr_from_packetbuf
                0x0000000000008b60                queuebuf_update_from_packetbuf
                0x0000000000008b82                queuebuf_free
                0x0000000000008bac                queuebuf_to_packetbuf
                0x0000000000008bde                queuebuf_dataptr
                0x0000000000008bfa                queuebuf_datalen
                0x0000000000008c02                queuebuf_addr
                0x0000000000008c10                queuebuf_attr
                0x0000000000008c1e                queuebuf_debug_print
 .text          0x0000000000008c20      0x37a contiki-z1.a(csma.o)
 .text          0x0000000000008f9a       0x14 contiki-z1.a(mac.o)
                0x0000000000008f9a                mac_call_sent_callback
 .text          0x0000000000008fae      0x658 contiki-z1.a(contikimac.o)
                0x0000000000009602                contikimac_debug_print
 .text          0x0000000000009606       0xce contiki-z1.a(contikimac-fram)
 .text          0x00000000000096d4       0x1c contiki-z1.a(nullsec.o)
 .text          0x00000000000096f0       0xb6 contiki-z1.a(compower.o)
                0x00000000000096f0                compower_accumulate
                0x000000000000975a                compower_clear
                0x000000000000976c                compower_init
                0x0000000000009776                compower_attrconv
                0x0000000000009786                compower_accumulate_attrs
 .text          0x00000000000097a6       0x48 contiki-z1.a(abc.o)
                0x00000000000097a6                abc_open
                0x00000000000097c4                abc_close
                0x00000000000097ca                abc_send
                0x00000000000097d0                abc_input
                0x00000000000097de                abc_sent
 .text          0x00000000000097ee      0x1c2 contiki-z1.a(broadcast-annou)
                0x0000000000009940                broadcast_announcement_init
                0x0000000000009984                broadcast_announcement_stop
                0x00000000000099a6                broadcast_announcement_beacon_interval
 .text          0x00000000000099b0       0x38 contiki-z1.a(chameleon.o)
                0x00000000000099b0                chameleon_init
                0x00000000000099b6                chameleon_parse
                0x00000000000099c6                chameleon_create
                0x00000000000099e2                chameleon_hdrsize
 .text          0x00000000000099e8      0x1ae contiki-z1.a(framer-802154.o)
 .text          0x0000000000009b96       0x20 contiki-z1.a(framer.o)
                0x0000000000009b96                framer_canonical_create_and_secure
 .text          0x0000000000009bb6       0x92 contiki-z1.a(mac-sequence.o)
                0x0000000000009bb6                mac_sequence_is_duplicate
                0x0000000000009bec                mac_sequence_register_seqno
 .text          0x0000000000009c48      0x306 contiki-z1.a(chameleon-bitop)
                0x0000000000009c5e                get_bits_in_byte
                0x0000000000009c98                get_bits
                0x0000000000009ddc                set_bits_in_byte
                0x0000000000009e08                set_bits
 .text          0x0000000000009f4e      0x35a contiki-z1.a(frame802154.o)
                0x0000000000009fe2                frame802154_hdrlen
                0x000000000000a010                frame802154_create
                0x000000000000a122                frame802154_parse
 .text          0x000000000000a2a8        0x0 /usr/lib/gcc/msp430/4.6.3/mcpu-430x/mmpy-16/libgcc.a(_mulsi3.o)
 .text.libgcc   0x000000000000a2a8       0x2a /usr/lib/gcc/msp430/4.6.3/mcpu-430x/mmpy-16/libgcc.a(_mulsi3.o)
                0x000000000000a2a8                __mulsi3
 .text          0x000000000000a2d2        0x0 /usr/lib/gcc/msp430/4.6.3/mcpu-430x/mmpy-16/libgcc.a(_muldi3.o)
 .text.libgcc   0x000000000000a2d2       0x58 /usr/lib/gcc/msp430/4.6.3/mcpu-430x/mmpy-16/libgcc.a(_muldi3.o)
                0x000000000000a2d2                __muldi3
                0x000000000000a2ec                __xabi_muldi3
 .text          0x000000000000a32a        0x0 /usr/lib/gcc/msp430/4.6.3/mcpu-430x/mmpy-16/libgcc.a(_udivmod16.o)
 .text.libgcc   0x000000000000a32a       0x22 /usr/lib/gcc/msp430/4.6.3/mcpu-430x/mmpy-16/libgcc.a(_udivmod16.o)
                0x000000000000a32a                __udivhi3
                0x000000000000a32a                __ext_udivmod16
                0x000000000000a344                __umodhi3
 .text          0x000000000000a34c        0x0 /usr/lib/gcc/msp430/4.6.3/mcpu-430x/mmpy-16/libgcc.a(_divmod16.o)
 .text.libgcc   0x000000000000a34c       0x3a /usr/lib/gcc/msp430/4.6.3/mcpu-430x/mmpy-16/libgcc.a(_divmod16.o)
                0x000000000000a34c                __ext_divmod16
                0x000000000000a34c                __divhi3
                0x000000000000a37e                __modhi3
 .text          0x000000000000a386        0x0 /usr/lib/gcc/msp430/4.6.3/mcpu-430x/mmpy-16/libgcc.a(_udivmod32.o)
 .text.libgcc   0x000000000000a386       0x38 /usr/lib/gcc/msp430/4.6.3/mcpu-430x/mmpy-16/libgcc.a(_udivmod32.o)
                0x000000000000a386                __udivsi3
                0x000000000000a386                __ext_udivmod32
                0x000000000000a3b4                __umodsi3
 .text          0x000000000000a3be       0x3c /usr/lib/gcc/msp430/4.6.3/mcpu-430x/mmpy-16/libgcc.a(_fixunssfsi.o)
                0x000000000000a3be                __fixunssfsi
 .text          0x000000000000a3fa      0x318 /usr/lib/gcc/msp430/4.6.3/mcpu-430x/mmpy-16/libgcc.a(_addsub_sf.o)
                0x000000000000a676                __addsf3
                0x000000000000a6c2                __subsf3
 .text          0x000000000000a712      0x21e /usr/lib/gcc/msp430/4.6.3/mcpu-430x/mmpy-16/libgcc.a(_mul_sf.o)
                0x000000000000a712                __mulsf3
 .text          0x000000000000a930      0x14a /usr/lib/gcc/msp430/4.6.3/mcpu-430x/mmpy-16/libgcc.a(_div_sf.o)
                0x000000000000a930                __divsf3
 .text          0x000000000000aa7a       0x50 /usr/lib/gcc/msp430/4.6.3/mcpu-430x/mmpy-16/libgcc.a(_ge_sf.o)
                0x000000000000aa7a                __gesf2
 .text          0x000000000000aaca       0x50 /usr/lib/gcc/msp430/4.6.3/mcpu-430x/mmpy-16/libgcc.a(_le_sf.o)
                0x000000000000aaca                __lesf2
 .text          0x000000000000ab1a       0xa2 /usr/lib/gcc/msp430/4.6.3/mcpu-430x/mmpy-16/libgcc.a(_si_to_sf.o)
                0x000000000000ab1a                __floatsisf
 .text          0x000000000000abbc       0x90 /usr/lib/gcc/msp430/4.6.3/mcpu-430x/mmpy-16/libgcc.a(_sf_to_si.o)
                0x000000000000abbc                __fixsfsi
 .text          0x000000000000ac4c        0x0 /usr/lib/gcc/msp430/4.6.3/mcpu-430x/mmpy-16/libgcc.a(_thenan_sf.o)
 .text          0x000000000000ac4c       0xe0 /usr/lib/gcc/msp430/4.6.3/mcpu-430x/mmpy-16/libgcc.a(_usi_to_sf.o)
                0x000000000000ac4c                __floatunsisf
 .text          0x000000000000ad2c       0x6a /usr/lib/gcc/msp430/4.6.3/mcpu-430x/mmpy-16/libgcc.a(_clzsi2.o)
                0x000000000000ad2c                __clzsi2
 .text          0x000000000000ad96      0x1c6 /usr/lib/gcc/msp430/4.6.3/mcpu-430x/mmpy-16/libgcc.a(_pack_sf.o)
                0x000000000000ad96                __pack_f
 .text          0x000000000000af5c      0x10c /usr/lib/gcc/msp430/4.6.3/mcpu-430x/mmpy-16/libgcc.a(_unpack_sf.o)
                0x000000000000af5c                __unpack_f
 .text          0x000000000000b068       0xa4 /usr/lib/gcc/msp430/4.6.3/mcpu-430x/mmpy-16/libgcc.a(_fpcmp_parts_sf.o)
                0x000000000000b068                __fpcmp_parts_f
 .text          0x000000000000b10c        0x0 /usr/lib/gcc/msp430/4.6.3/mcpu-430x/mmpy-16/libgcc.a(_clz.o)
 .text          0x000000000000b10c       0x12 /usr/lib/gcc/msp430/4.6.3/../../../../msp430/lib/mcpu-430x/mmpy-16/libc.a(strchr.o)
                0x000000000000b10c                strchr
 .text          0x000000000000b11e       0x1e /usr/lib/gcc/msp430/4.6.3/../../../../msp430/lib/mcpu-430x/mmpy-16/libc.a(strcmp.o)
                0x000000000000b11e                strcmp
 .text          0x000000000000b13c       0x28 /usr/lib/gcc/msp430/4.6.3/../../../../msp430/lib/mcpu-430x/mmpy-16/libc.a(strncmp.o)
                0x000000000000b13c                strncmp
 .text          0x000000000000b164       0x20 /usr/lib/gcc/msp430/4.6.3/../../../../msp430/lib/mcpu-430x/mmpy-16/libc.a(memcmp.o)
                0x000000000000b164                memcmp
 .text          0x000000000000b184       0x14 /usr/lib/gcc/msp430/4.6.3/../../../../msp430/lib/mcpu-430x/mmpy-16/libc.a(strcpy.o)
                0x000000000000b184                strcpy
 .text          0x000000000000b198       0x2a /usr/lib/gcc/msp430/4.6.3/../../../../msp430/lib/mcpu-430x/mmpy-16/libc.a(strncpy.o)
                0x000000000000b198                strncpy
 .text          0x000000000000b1c2       0xe4 /usr/lib/gcc/msp430/4.6.3/../../../../msp430/lib/mcpu-430x/mmpy-16/libc.a(memcpy.o)
                0x000000000000b1c2                memcpy
 .text          0x000000000000b2a6       0x3c /usr/lib/gcc/msp430/4.6.3/../../../../msp430/lib/mcpu-430x/mmpy-16/libc.a(strcspn.o)
                0x000000000000b2a6                strcspn
 .text          0x000000000000b2e2       0x5c /usr/lib/gcc/msp430/4.6.3/../../../../msp430/lib/mcpu-430x/mmpy-16/libc.a(memset.o)
                0x000000000000b2e2                memset
 .text          0x000000000000b33e       0x1c /usr/lib/gcc/msp430/4.6.3/../../../../msp430/lib/mcpu-430x/mmpy-16/libc.a(isspace.o)
                0x000000000000b33e                isspace
 .text          0x000000000000b35a       0xf2 /usr/lib/gcc/msp430/4.6.3/../../../../msp430/lib/mcpu-430x/mmpy-16/libc.a(malloc.o)
                0x000000000000b35a                malloc
                0x000000000000b444                free
 .text          0x000000000000b44c       0x82 /usr/lib/gcc/msp430/4.6.3/../../../../msp430/lib/mcpu-430x/mmpy-16/libc.a(atoi.o)
                0x000000000000b44c                atoi
 .text          0x000000000000b4ce       0x1e /usr/lib/gcc/msp430/4.6.3/../../../../msp430/lib/mcpu-430x/mmpy-16/libc.a(printf.o)
                0x000000000000b4ce                printf
                0x000000000000b4de                vprintf
 .text          0x000000000000b4ec       0xb8 /usr/lib/gcc/msp430/4.6.3/../../../../msp430/lib/mcpu-430x/mmpy-16/libc.a(sprintf.o)
                0x000000000000b546                sprintf
                0x000000000000b562                snprintf
                0x000000000000b57c                vsprintf
                0x000000000000b592                vsnprintf
 .text          0x000000000000b5a4      0x818 /usr/lib/gcc/msp430/4.6.3/../../../../msp430/lib/mcpu-430x/mmpy-16/libc.a(vuprintf.o)
                0x000000000000b720                vuprintf
 .text          0x000000000000bdbc       0x2c /usr/lib/gcc/msp430/4.6.3/../../../../msp430/lib/mcpu-430x/mmpy-16/libc.a(puts.o)
                0x000000000000bdbc                puts
 .text          0x000000000000bde8       0x54 /usr/lib/gcc/msp430/4.6.3/../../../../msp430/lib/mcpu-430x/mmpy-16/libc.a(rand.o)
                0x000000000000bde8                rand_r
                0x000000000000be0c                rand
                0x000000000000be32                srand
 .text          0x000000000000be3c        0x0 /usr/lib/gcc/msp430/4.6.3/mcpu-430x/mmpy-16/libgcc.a(_udivmod64.o)
 .text.libgcc   0x000000000000be3c       0xbc /usr/lib/gcc/msp430/4.6.3/mcpu-430x/mmpy-16/libgcc.a(_udivmod64.o)
                0x000000000000be3c                __xabi_udivmod64
                0x000000000000be8e                __udivdi3
                0x000000000000bea8                __umoddi3
                0x000000000000beca                __udivmoddi4
 .text          0x000000000000bef8        0x0 /usr/lib/gcc/msp430/4.6.3/mcpu-430x/mmpy-16/libcrt0.a(_reset_vector__.o)
 .text          0x000000000000bef8        0x0 /usr/lib/gcc/msp430/4.6.3/mcpu-430x/mmpy-16/libcrt0.a(__watchdog_support.o)
 .text          0x000000000000bef8        0x0 /usr/lib/gcc/msp430/4.6.3/mcpu-430x/mmpy-16/libcrt0.a(__init_stack.o)
 .text          0x000000000000bef8        0x0 /usr/lib/gcc/msp430/4.6.3/mcpu-430x/mmpy-16/libcrt0.a(__low_level_init.o)
 .text          0x000000000000bef8        0x0 /usr/lib/gcc/msp430/4.6.3/mcpu-430x/mmpy-16/libcrt0.a(_copy_data.o)
 .text          0x000000000000bef8        0x0 /usr/lib/gcc/msp430/4.6.3/mcpu-430x/mmpy-16/libcrt0.a(_clear_bss.o)
 .text          0x000000000000bef8        0x0 /usr/lib/gcc/msp430/4.6.3/mcpu-430x/mmpy-16/libcrt0.a(__stop_progExec__.o)
 .text          0x000000000000bef8        0x0 /usr/lib/gcc/msp430/4.6.3/mcpu-430x/mmpy-16/libcrt0.a(_endless_loop__.o)
 .text          0x000000000000bef8        0x0 /usr/lib/gcc/msp430/4.6.3/mcpu-430x/mmpy-16/libcrt0.a(_unexpected_.o)
 .text.crt0     0x000000000000bef8        0x2 /usr/lib/gcc/msp430/4.6.3/mcpu-430x/mmpy-16/libcrt0.a(_unexpected_.o)
                0x000000000000bef8                _unexpected_
                0x000000000000befa                . = ALIGN (0x2)

.rodata         0x000000000000befa      0xd60
                0x000000000000befa                . = ALIGN (0x2)
 *(.rodata .rodata.* .gnu.linkonce.r.*)
 .rodata        0x000000000000befa      0x9c4 gatewayMote.co
                0x000000000000c7d8                autostart_processes
 .rodata        0x000000000000c8be      0x104 obj_z1/contiki-z1-main.o
 .rodata        0x000000000000c9c2       0x2c contiki-z1.a(xmem.o)
 .rodata        0x000000000000c9ee       0x5a contiki-z1.a(cc2420.o)
                0x000000000000ca0a                cc2420_aes_128_driver
                0x000000000000ca0e                cc2420_driver
 .rodata        0x000000000000ca48        0x8 contiki-z1.a(sensors.o)
 .rodata        0x000000000000ca50       0x10 contiki-z1.a(button-sensor.o)
                0x000000000000ca58                button_sensor
 .rodata        0x000000000000ca60        0xe contiki-z1.a(light-sensor.o)
                0x000000000000ca66                light_sensor
 .rodata        0x000000000000ca6e       0x16 contiki-z1.a(adxl345.o)
 .rodata        0x000000000000ca84        0xf contiki-z1.a(ctimer.o)
 .rodata        0x000000000000ca93        0xc contiki-z1.a(etimer.o)
 .rodata        0x000000000000ca9f        0xe contiki-z1.a(serial-line.o)
 *fill*         0x000000000000caad        0x1 00
 .rodata        0x000000000000caae        0x8 contiki-z1.a(broadcast.o)
 .rodata        0x000000000000cab6       0x10 contiki-z1.a(multihop.o)
 .rodata        0x000000000000cac6        0xc contiki-z1.a(rime.o)
                0x000000000000cacc                rime_driver
 .rodata        0x000000000000cad2        0xa contiki-z1.a(unicast.o)
 .rodata        0x000000000000cadc        0x2 contiki-z1.a(linkaddr.o)
                0x000000000000cadc                linkaddr_null
 .rodata        0x000000000000cade       0x14 contiki-z1.a(csma.o)
                0x000000000000cae4                csma_driver
 .rodata        0x000000000000caf2       0x1c contiki-z1.a(contikimac.o)
                0x000000000000cafe                contikimac_driver
 .rodata        0x000000000000cb0e        0x8 contiki-z1.a(contikimac-fram)
                0x000000000000cb0e                contikimac_framer
 .rodata        0x000000000000cb16       0x14 contiki-z1.a(nullsec.o)
                0x000000000000cb1e                nullsec_driver
 .rodata        0x000000000000cb2a        0x2 contiki-z1.a(abc.o)
 .rodata        0x000000000000cb2c        0x4 contiki-z1.a(broadcast-annou)
 .rodata        0x000000000000cb30        0x8 contiki-z1.a(framer-802154.o)
                0x000000000000cb30                framer_802154
 .rodata        0x000000000000cb38       0x10 contiki-z1.a(chameleon-bitop)
                0x000000000000cb38                chameleon_bitopt
 .rodata        0x000000000000cb48        0x2 contiki-z1.a(frame802154.o)
 .rodata        0x000000000000cb4a        0x8 /usr/lib/gcc/msp430/4.6.3/mcpu-430x/mmpy-16/libgcc.a(_thenan_sf.o)
                0x000000000000cb4a                __thenan_sf
 .rodata        0x000000000000cb52      0x100 /usr/lib/gcc/msp430/4.6.3/mcpu-430x/mmpy-16/libgcc.a(_clz.o)
                0x000000000000cb52                __clz_tab
 .rodata        0x000000000000cc52        0x7 /usr/lib/gcc/msp430/4.6.3/../../../../msp430/lib/mcpu-430x/mmpy-16/libc.a(vuprintf.o)
                0x000000000000cc5a                . = ALIGN (0x2)
 *fill*         0x000000000000cc59        0x1 00
                0x000000000000cc5a                _etext = .

.data           0x0000000000001100       0xd6 load address 0x000000000000cc5a
                0x0000000000001100                . = ALIGN (0x2)
                0x0000000000001100                PROVIDE (__data_start, .)
 *(.data .data.* .gnu.linkonce.d.*)
 .data          0x0000000000001100        0x0 /usr/lib/gcc/msp430/4.6.3/mcpu-430x/mmpy-16/crt0ivtbl32.o
 .data          0x0000000000001100       0x50 gatewayMote.co
                0x0000000000001100                multihop_sense
                0x000000000000110a                multihop_announce
                0x0000000000001114                drw
                0x000000000000111e                communication_process
                0x0000000000001128                button_pressed
                0x0000000000001132                gateway_communication_process
                0x000000000000113c                g_gateway
                0x000000000000113e                g_debug
 .data          0x0000000000001150        0x4 obj_z1/contiki-z1-main.o
                0x0000000000001150                sensors
 .data          0x0000000000001154        0x0 contiki-z1.a(contiki-z1-plat)
 .data          0x0000000000001154        0x2 contiki-z1.a(msp430.o)
 .data          0x0000000000001156        0x0 contiki-z1.a(leds.o)
 .data          0x0000000000001156        0x0 contiki-z1.a(watchdog.o)
 .data          0x0000000000001156        0x0 contiki-z1.a(xmem.o)
 .data          0x0000000000001156        0x0 contiki-z1.a(spi.o)
 .data          0x0000000000001156        0xa contiki-z1.a(cc2420.o)
                0x0000000000001156                cc2420_process
 .data          0x0000000000001160        0x0 contiki-z1.a(cc2420-arch.o)
 .data          0x0000000000001160        0x0 contiki-z1.a(node-id.o)
 .data          0x0000000000001160        0xa contiki-z1.a(sensors.o)
                0x0000000000001160                sensors_process
 .data          0x000000000000116a        0x0 contiki-z1.a(button-sensor.o)
 .data          0x000000000000116a        0x0 contiki-z1.a(uart0.o)
 .data          0x000000000000116a        0x0 contiki-z1.a(uart0-putchar.o)
 .data          0x000000000000116a        0x0 contiki-z1.a(sht11.o)
 .data          0x000000000000116a        0x0 contiki-z1.a(light-sensor.o)
 .data          0x000000000000116a        0x0 contiki-z1.a(sky-sensors.o)
 .data          0x000000000000116a        0x0 contiki-z1.a(tmp102.o)
 .data          0x000000000000116a        0x1 contiki-z1.a(i2cmaster.o)
                0x000000000000116a                prescale_lsb
 *fill*         0x000000000000116b        0x1 00
 .data          0x000000000000116c       0x20 contiki-z1.a(adxl345.o)
                0x000000000000116c                accmeter_process
 .data          0x000000000000118c        0x0 contiki-z1.a(clock.o)
 .data          0x000000000000118c        0x0 contiki-z1.a(leds-arch.o)
 .data          0x000000000000118c        0x0 contiki-z1.a(rtimer-arch.o)
 .data          0x000000000000118c        0x0 contiki-z1.a(autostart.o)
 .data          0x000000000000118c        0xa contiki-z1.a(ctimer.o)
                0x000000000000118c                ctimer_process
 .data          0x0000000000001196        0x0 contiki-z1.a(energest.o)
 .data          0x0000000000001196        0xa contiki-z1.a(etimer.o)
                0x0000000000001196                etimer_process
 .data          0x00000000000011a0        0x0 contiki-z1.a(process.o)
 .data          0x00000000000011a0        0x0 contiki-z1.a(rtimer.o)
 .data          0x00000000000011a0        0x0 contiki-z1.a(timer.o)
 .data          0x00000000000011a0        0xa contiki-z1.a(serial-line.o)
                0x00000000000011a0                serial_line_process
 .data          0x00000000000011aa        0x0 contiki-z1.a(list.o)
 .data          0x00000000000011aa        0x0 contiki-z1.a(memb.o)
 .data          0x00000000000011aa        0x0 contiki-z1.a(random.o)
 .data          0x00000000000011aa        0x0 contiki-z1.a(ringbuf.o)
 .data          0x00000000000011aa        0x0 contiki-z1.a(announcement.o)
 .data          0x00000000000011aa        0x0 contiki-z1.a(broadcast.o)
 .data          0x00000000000011aa        0x0 contiki-z1.a(channel.o)
 .data          0x00000000000011aa        0x0 contiki-z1.a(multihop.o)
 .data          0x00000000000011aa        0x0 contiki-z1.a(rime.o)
 .data          0x00000000000011aa        0x0 contiki-z1.a(unicast.o)
 .data          0x00000000000011aa        0x0 contiki-z1.a(linkaddr.o)
 .data          0x00000000000011aa        0x0 contiki-z1.a(packetbuf.o)
 .data          0x00000000000011aa       0x10 contiki-z1.a(queuebuf.o)
 .data          0x00000000000011ba       0x18 contiki-z1.a(csma.o)
 .data          0x00000000000011d2        0x0 contiki-z1.a(mac.o)
 .data          0x00000000000011d2        0x0 contiki-z1.a(contikimac.o)
 .data          0x00000000000011d2        0x0 contiki-z1.a(contikimac-fram)
 .data          0x00000000000011d2        0x0 contiki-z1.a(nullsec.o)
 .data          0x00000000000011d2        0x0 contiki-z1.a(compower.o)
 .data          0x00000000000011d2        0x0 contiki-z1.a(abc.o)
 .data          0x00000000000011d2        0x0 contiki-z1.a(broadcast-annou)
 .data          0x00000000000011d2        0x0 contiki-z1.a(chameleon.o)
 .data          0x00000000000011d2        0x0 contiki-z1.a(framer-802154.o)
 .data          0x00000000000011d2        0x0 contiki-z1.a(framer.o)
 .data          0x00000000000011d2        0x0 contiki-z1.a(mac-sequence.o)
 .data          0x00000000000011d2        0x0 contiki-z1.a(chameleon-bitop)
 .data          0x00000000000011d2        0x0 contiki-z1.a(frame802154.o)
 .data          0x00000000000011d2        0x0 /usr/lib/gcc/msp430/4.6.3/mcpu-430x/mmpy-16/libgcc.a(_mulsi3.o)
 .data          0x00000000000011d2        0x0 /usr/lib/gcc/msp430/4.6.3/mcpu-430x/mmpy-16/libgcc.a(_muldi3.o)
 .data          0x00000000000011d2        0x0 /usr/lib/gcc/msp430/4.6.3/mcpu-430x/mmpy-16/libgcc.a(_udivmod16.o)
 .data          0x00000000000011d2        0x0 /usr/lib/gcc/msp430/4.6.3/mcpu-430x/mmpy-16/libgcc.a(_divmod16.o)
 .data          0x00000000000011d2        0x0 /usr/lib/gcc/msp430/4.6.3/mcpu-430x/mmpy-16/libgcc.a(_udivmod32.o)
 .data          0x00000000000011d2        0x0 /usr/lib/gcc/msp430/4.6.3/mcpu-430x/mmpy-16/libgcc.a(_fixunssfsi.o)
 .data          0x00000000000011d2        0x0 /usr/lib/gcc/msp430/4.6.3/mcpu-430x/mmpy-16/libgcc.a(_addsub_sf.o)
 .data          0x00000000000011d2        0x0 /usr/lib/gcc/msp430/4.6.3/mcpu-430x/mmpy-16/libgcc.a(_mul_sf.o)
 .data          0x00000000000011d2        0x0 /usr/lib/gcc/msp430/4.6.3/mcpu-430x/mmpy-16/libgcc.a(_div_sf.o)
 .data          0x00000000000011d2        0x0 /usr/lib/gcc/msp430/4.6.3/mcpu-430x/mmpy-16/libgcc.a(_ge_sf.o)
 .data          0x00000000000011d2        0x0 /usr/lib/gcc/msp430/4.6.3/mcpu-430x/mmpy-16/libgcc.a(_le_sf.o)
 .data          0x00000000000011d2        0x0 /usr/lib/gcc/msp430/4.6.3/mcpu-430x/mmpy-16/libgcc.a(_si_to_sf.o)
 .data          0x00000000000011d2        0x0 /usr/lib/gcc/msp430/4.6.3/mcpu-430x/mmpy-16/libgcc.a(_sf_to_si.o)
 .data          0x00000000000011d2        0x0 /usr/lib/gcc/msp430/4.6.3/mcpu-430x/mmpy-16/libgcc.a(_thenan_sf.o)
 .data          0x00000000000011d2        0x0 /usr/lib/gcc/msp430/4.6.3/mcpu-430x/mmpy-16/libgcc.a(_usi_to_sf.o)
 .data          0x00000000000011d2        0x0 /usr/lib/gcc/msp430/4.6.3/mcpu-430x/mmpy-16/libgcc.a(_clzsi2.o)
 .data          0x00000000000011d2        0x0 /usr/lib/gcc/msp430/4.6.3/mcpu-430x/mmpy-16/libgcc.a(_pack_sf.o)
 .data          0x00000000000011d2        0x0 /usr/lib/gcc/msp430/4.6.3/mcpu-430x/mmpy-16/libgcc.a(_unpack_sf.o)
 .data          0x00000000000011d2        0x0 /usr/lib/gcc/msp430/4.6.3/mcpu-430x/mmpy-16/libgcc.a(_fpcmp_parts_sf.o)
 .data          0x00000000000011d2        0x0 /usr/lib/gcc/msp430/4.6.3/mcpu-430x/mmpy-16/libgcc.a(_clz.o)
 .data          0x00000000000011d2        0x0 /usr/lib/gcc/msp430/4.6.3/../../../../msp430/lib/mcpu-430x/mmpy-16/libc.a(strchr.o)
 .data          0x00000000000011d2        0x0 /usr/lib/gcc/msp430/4.6.3/../../../../msp430/lib/mcpu-430x/mmpy-16/libc.a(strcmp.o)
 .data          0x00000000000011d2        0x0 /usr/lib/gcc/msp430/4.6.3/../../../../msp430/lib/mcpu-430x/mmpy-16/libc.a(strncmp.o)
 .data          0x00000000000011d2        0x0 /usr/lib/gcc/msp430/4.6.3/../../../../msp430/lib/mcpu-430x/mmpy-16/libc.a(memcmp.o)
 .data          0x00000000000011d2        0x0 /usr/lib/gcc/msp430/4.6.3/../../../../msp430/lib/mcpu-430x/mmpy-16/libc.a(strcpy.o)
 .data          0x00000000000011d2        0x0 /usr/lib/gcc/msp430/4.6.3/../../../../msp430/lib/mcpu-430x/mmpy-16/libc.a(strncpy.o)
 .data          0x00000000000011d2        0x0 /usr/lib/gcc/msp430/4.6.3/../../../../msp430/lib/mcpu-430x/mmpy-16/libc.a(memcpy.o)
 .data          0x00000000000011d2        0x0 /usr/lib/gcc/msp430/4.6.3/../../../../msp430/lib/mcpu-430x/mmpy-16/libc.a(strcspn.o)
 .data          0x00000000000011d2        0x0 /usr/lib/gcc/msp430/4.6.3/../../../../msp430/lib/mcpu-430x/mmpy-16/libc.a(memset.o)
 .data          0x00000000000011d2        0x0 /usr/lib/gcc/msp430/4.6.3/../../../../msp430/lib/mcpu-430x/mmpy-16/libc.a(isspace.o)
 .data          0x00000000000011d2        0x0 /usr/lib/gcc/msp430/4.6.3/../../../../msp430/lib/mcpu-430x/mmpy-16/libc.a(malloc.o)
 .data          0x00000000000011d2        0x0 /usr/lib/gcc/msp430/4.6.3/../../../../msp430/lib/mcpu-430x/mmpy-16/libc.a(atoi.o)
 .data          0x00000000000011d2        0x0 /usr/lib/gcc/msp430/4.6.3/../../../../msp430/lib/mcpu-430x/mmpy-16/libc.a(printf.o)
 .data          0x00000000000011d2        0x0 /usr/lib/gcc/msp430/4.6.3/../../../../msp430/lib/mcpu-430x/mmpy-16/libc.a(sprintf.o)
 .data          0x00000000000011d2        0x0 /usr/lib/gcc/msp430/4.6.3/../../../../msp430/lib/mcpu-430x/mmpy-16/libc.a(vuprintf.o)
 .data          0x00000000000011d2        0x0 /usr/lib/gcc/msp430/4.6.3/../../../../msp430/lib/mcpu-430x/mmpy-16/libc.a(puts.o)
 .data          0x00000000000011d2        0x4 /usr/lib/gcc/msp430/4.6.3/../../../../msp430/lib/mcpu-430x/mmpy-16/libc.a(rand.o)
 .data          0x00000000000011d6        0x0 /usr/lib/gcc/msp430/4.6.3/mcpu-430x/mmpy-16/libgcc.a(_udivmod64.o)
 .data          0x00000000000011d6        0x0 /usr/lib/gcc/msp430/4.6.3/mcpu-430x/mmpy-16/libcrt0.a(_reset_vector__.o)
 .data          0x00000000000011d6        0x0 /usr/lib/gcc/msp430/4.6.3/mcpu-430x/mmpy-16/libcrt0.a(__watchdog_support.o)
 .data          0x00000000000011d6        0x0 /usr/lib/gcc/msp430/4.6.3/mcpu-430x/mmpy-16/libcrt0.a(__init_stack.o)
 .data          0x00000000000011d6        0x0 /usr/lib/gcc/msp430/4.6.3/mcpu-430x/mmpy-16/libcrt0.a(__low_level_init.o)
 .data          0x00000000000011d6        0x0 /usr/lib/gcc/msp430/4.6.3/mcpu-430x/mmpy-16/libcrt0.a(_copy_data.o)
 .data          0x00000000000011d6        0x0 /usr/lib/gcc/msp430/4.6.3/mcpu-430x/mmpy-16/libcrt0.a(_clear_bss.o)
 .data          0x00000000000011d6        0x0 /usr/lib/gcc/msp430/4.6.3/mcpu-430x/mmpy-16/libcrt0.a(__stop_progExec__.o)
 .data          0x00000000000011d6        0x0 /usr/lib/gcc/msp430/4.6.3/mcpu-430x/mmpy-16/libcrt0.a(_endless_loop__.o)
 .data          0x00000000000011d6        0x0 /usr/lib/gcc/msp430/4.6.3/mcpu-430x/mmpy-16/libcrt0.a(_unexpected_.o)
                0x00000000000011d6                . = ALIGN (0x2)
                0x00000000000011d6                _edata = .
                0x000000000000cc5a                PROVIDE (__data_load_start, LOADADDR (.data))
                0x00000000000000d6                PROVIDE (__data_size, SIZEOF (.data))

.bss            0x00000000000011d6      0xdde load address 0x000000000000cd30
                0x00000000000011d6                PROVIDE (__bss_start, .)
 *(.bss .bss.*)
 .bss           0x00000000000011d6        0x0 /usr/lib/gcc/msp430/4.6.3/mcpu-430x/mmpy-16/crt0ivtbl32.o
 .bss           0x00000000000011d6      0x312 gatewayMote.co
 .bss           0x00000000000014e8        0x4 obj_z1/contiki-z1-main.o
 .bss           0x00000000000014ec        0x0 contiki-z1.a(contiki-z1-plat)
 .bss           0x00000000000014ec        0x0 contiki-z1.a(msp430.o)
 .bss           0x00000000000014ec        0x1 contiki-z1.a(leds.o)
 *fill*         0x00000000000014ed        0x1 00
 .bss           0x00000000000014ee        0x2 contiki-z1.a(watchdog.o)
 .bss           0x00000000000014f0        0x0 contiki-z1.a(xmem.o)
 .bss           0x00000000000014f0        0x2 contiki-z1.a(spi.o)
                0x00000000000014f0                spi_busy
 .bss           0x00000000000014f2        0x8 contiki-z1.a(cc2420.o)
 .bss           0x00000000000014fa        0x0 contiki-z1.a(cc2420-arch.o)
 .bss           0x00000000000014fa        0x2 contiki-z1.a(node-id.o)
                0x00000000000014fa                node_id
 .bss           0x00000000000014fc        0x6 contiki-z1.a(sensors.o)
 .bss           0x0000000000001502        0x8 contiki-z1.a(button-sensor.o)
 .bss           0x000000000000150a        0x4 contiki-z1.a(uart0.o)
 .bss           0x000000000000150e        0x0 contiki-z1.a(uart0-putchar.o)
 .bss           0x000000000000150e        0x0 contiki-z1.a(sht11.o)
 .bss           0x000000000000150e        0x0 contiki-z1.a(light-sensor.o)
 .bss           0x000000000000150e        0x4 contiki-z1.a(sky-sensors.o)
 .bss           0x0000000000001512        0x2 contiki-z1.a(tmp102.o)
 .bss           0x0000000000001514        0x4 contiki-z1.a(i2cmaster.o)
                0x0000000000001514                prescale_msb
 .bss           0x0000000000001518       0x16 contiki-z1.a(adxl345.o)
 .bss           0x000000000000152e        0xa contiki-z1.a(clock.o)
 .bss           0x0000000000001538        0x0 contiki-z1.a(leds-arch.o)
 .bss           0x0000000000001538        0x0 contiki-z1.a(rtimer-arch.o)
 .bss           0x0000000000001538        0x0 contiki-z1.a(autostart.o)
 .bss           0x0000000000001538        0x4 contiki-z1.a(ctimer.o)
 .bss           0x000000000000153c        0x0 contiki-z1.a(energest.o)
 .bss           0x000000000000153c        0x6 contiki-z1.a(etimer.o)
 .bss           0x0000000000001542       0x42 contiki-z1.a(process.o)
                0x0000000000001542                process_current
                0x0000000000001544                process_list
 .bss           0x0000000000001584        0x2 contiki-z1.a(rtimer.o)
 .bss           0x0000000000001586        0x0 contiki-z1.a(timer.o)
 .bss           0x0000000000001586      0x10a contiki-z1.a(serial-line.o)
 .bss           0x0000000000001690        0x0 contiki-z1.a(list.o)
 .bss           0x0000000000001690        0x0 contiki-z1.a(memb.o)
 .bss           0x0000000000001690        0x0 contiki-z1.a(random.o)
 .bss           0x0000000000001690        0x0 contiki-z1.a(ringbuf.o)
 .bss           0x0000000000001690        0x6 contiki-z1.a(announcement.o)
 .bss           0x0000000000001696        0x0 contiki-z1.a(broadcast.o)
 .bss           0x0000000000001696        0x2 contiki-z1.a(channel.o)
 .bss           0x0000000000001698        0x0 contiki-z1.a(multihop.o)
 .bss           0x0000000000001698        0x2 contiki-z1.a(rime.o)
 .bss           0x000000000000169a        0x0 contiki-z1.a(unicast.o)
 .bss           0x000000000000169a        0x0 contiki-z1.a(linkaddr.o)
 .bss           0x000000000000169a       0xb8 contiki-z1.a(packetbuf.o)
 .bss           0x0000000000001752      0x610 contiki-z1.a(queuebuf.o)
 .bss           0x0000000000001d62       0xb8 contiki-z1.a(csma.o)
 .bss           0x0000000000001e1a        0x0 contiki-z1.a(mac.o)
 .bss           0x0000000000001e1a       0x32 contiki-z1.a(contikimac.o)
 .bss           0x0000000000001e4c        0x0 contiki-z1.a(contikimac-fram)
 .bss           0x0000000000001e4c        0x0 contiki-z1.a(nullsec.o)
 .bss           0x0000000000001e4c        0x8 contiki-z1.a(compower.o)
 .bss           0x0000000000001e54        0x0 contiki-z1.a(abc.o)
 .bss           0x0000000000001e54       0x46 contiki-z1.a(broadcast-annou)
 .bss           0x0000000000001e9a        0x0 contiki-z1.a(chameleon.o)
 .bss           0x0000000000001e9a        0x2 contiki-z1.a(framer-802154.o)
 .bss           0x0000000000001e9c        0x0 contiki-z1.a(framer.o)
 .bss           0x0000000000001e9c       0x40 contiki-z1.a(mac-sequence.o)
 .bss           0x0000000000001edc        0x0 contiki-z1.a(chameleon-bitop)
 .bss           0x0000000000001edc        0x0 contiki-z1.a(frame802154.o)
 .bss           0x0000000000001edc        0x0 /usr/lib/gcc/msp430/4.6.3/mcpu-430x/mmpy-16/libgcc.a(_mulsi3.o)
 .bss           0x0000000000001edc        0x0 /usr/lib/gcc/msp430/4.6.3/mcpu-430x/mmpy-16/libgcc.a(_muldi3.o)
 .bss           0x0000000000001edc        0x0 /usr/lib/gcc/msp430/4.6.3/mcpu-430x/mmpy-16/libgcc.a(_udivmod16.o)
 .bss           0x0000000000001edc        0x0 /usr/lib/gcc/msp430/4.6.3/mcpu-430x/mmpy-16/libgcc.a(_divmod16.o)
 .bss           0x0000000000001edc        0x0 /usr/lib/gcc/msp430/4.6.3/mcpu-430x/mmpy-16/libgcc.a(_udivmod32.o)
 .bss           0x0000000000001edc        0x0 /usr/lib/gcc/msp430/4.6.3/mcpu-430x/mmpy-16/libgcc.a(_fixunssfsi.o)
 .bss           0x0000000000001edc        0x0 /usr/lib/gcc/msp430/4.6.3/mcpu-430x/mmpy-16/libgcc.a(_addsub_sf.o)
 .bss           0x0000000000001edc        0x0 /usr/lib/gcc/msp430/4.6.3/mcpu-430x/mmpy-16/libgcc.a(_mul_sf.o)
 .bss           0x0000000000001edc        0x0 /usr/lib/gcc/msp430/4.6.3/mcpu-430x/mmpy-16/libgcc.a(_div_sf.o)
 .bss           0x0000000000001edc        0x0 /usr/lib/gcc/msp430/4.6.3/mcpu-430x/mmpy-16/libgcc.a(_ge_sf.o)
 .bss           0x0000000000001edc        0x0 /usr/lib/gcc/msp430/4.6.3/mcpu-430x/mmpy-16/libgcc.a(_le_sf.o)
 .bss           0x0000000000001edc        0x0 /usr/lib/gcc/msp430/4.6.3/mcpu-430x/mmpy-16/libgcc.a(_si_to_sf.o)
 .bss           0x0000000000001edc        0x0 /usr/lib/gcc/msp430/4.6.3/mcpu-430x/mmpy-16/libgcc.a(_sf_to_si.o)
 .bss           0x0000000000001edc        0x0 /usr/lib/gcc/msp430/4.6.3/mcpu-430x/mmpy-16/libgcc.a(_thenan_sf.o)
 .bss           0x0000000000001edc        0x0 /usr/lib/gcc/msp430/4.6.3/mcpu-430x/mmpy-16/libgcc.a(_usi_to_sf.o)
 .bss           0x0000000000001edc        0x0 /usr/lib/gcc/msp430/4.6.3/mcpu-430x/mmpy-16/libgcc.a(_clzsi2.o)
 .bss           0x0000000000001edc        0x0 /usr/lib/gcc/msp430/4.6.3/mcpu-430x/mmpy-16/libgcc.a(_pack_sf.o)
 .bss           0x0000000000001edc        0x0 /usr/lib/gcc/msp430/4.6.3/mcpu-430x/mmpy-16/libgcc.a(_unpack_sf.o)
 .bss           0x0000000000001edc        0x0 /usr/lib/gcc/msp430/4.6.3/mcpu-430x/mmpy-16/libgcc.a(_fpcmp_parts_sf.o)
 .bss           0x0000000000001edc        0x0 /usr/lib/gcc/msp430/4.6.3/mcpu-430x/mmpy-16/libgcc.a(_clz.o)
 .bss           0x0000000000001edc        0x0 /usr/lib/gcc/msp430/4.6.3/../../../../msp430/lib/mcpu-430x/mmpy-16/libc.a(strchr.o)
 .bss           0x0000000000001edc        0x0 /usr/lib/gcc/msp430/4.6.3/../../../../msp430/lib/mcpu-430x/mmpy-16/libc.a(strcmp.o)
 .bss           0x0000000000001edc        0x0 /usr/lib/gcc/msp430/4.6.3/../../../../msp430/lib/mcpu-430x/mmpy-16/libc.a(strncmp.o)
 .bss           0x0000000000001edc        0x0 /usr/lib/gcc/msp430/4.6.3/../../../../msp430/lib/mcpu-430x/mmpy-16/libc.a(memcmp.o)
 .bss           0x0000000000001edc        0x0 /usr/lib/gcc/msp430/4.6.3/../../../../msp430/lib/mcpu-430x/mmpy-16/libc.a(strcpy.o)
 .bss           0x0000000000001edc        0x0 /usr/lib/gcc/msp430/4.6.3/../../../../msp430/lib/mcpu-430x/mmpy-16/libc.a(strncpy.o)
 .bss           0x0000000000001edc        0x0 /usr/lib/gcc/msp430/4.6.3/../../../../msp430/lib/mcpu-430x/mmpy-16/libc.a(memcpy.o)
 .bss           0x0000000000001edc        0x0 /usr/lib/gcc/msp430/4.6.3/../../../../msp430/lib/mcpu-430x/mmpy-16/libc.a(strcspn.o)
 .bss           0x0000000000001edc        0x0 /usr/lib/gcc/msp430/4.6.3/../../../../msp430/lib/mcpu-430x/mmpy-16/libc.a(memset.o)
 .bss           0x0000000000001edc        0x0 /usr/lib/gcc/msp430/4.6.3/../../../../msp430/lib/mcpu-430x/mmpy-16/libc.a(isspace.o)
 .bss           0x0000000000001edc        0x1 /usr/lib/gcc/msp430/4.6.3/../../../../msp430/lib/mcpu-430x/mmpy-16/libc.a(malloc.o)
 .bss           0x0000000000001edd        0x0 /usr/lib/gcc/msp430/4.6.3/../../../../msp430/lib/mcpu-430x/mmpy-16/libc.a(atoi.o)
 .bss           0x0000000000001edd        0x0 /usr/lib/gcc/msp430/4.6.3/../../../../msp430/lib/mcpu-430x/mmpy-16/libc.a(printf.o)
 *fill*         0x0000000000001edd        0x1 00
 .bss           0x0000000000001ede        0x4 /usr/lib/gcc/msp430/4.6.3/../../../../msp430/lib/mcpu-430x/mmpy-16/libc.a(sprintf.o)
 .bss           0x0000000000001ee2        0x0 /usr/lib/gcc/msp430/4.6.3/../../../../msp430/lib/mcpu-430x/mmpy-16/libc.a(vuprintf.o)
 .bss           0x0000000000001ee2        0x0 /usr/lib/gcc/msp430/4.6.3/../../../../msp430/lib/mcpu-430x/mmpy-16/libc.a(puts.o)
 .bss           0x0000000000001ee2        0x0 /usr/lib/gcc/msp430/4.6.3/../../../../msp430/lib/mcpu-430x/mmpy-16/libc.a(rand.o)
 .bss           0x0000000000001ee2        0x0 /usr/lib/gcc/msp430/4.6.3/mcpu-430x/mmpy-16/libgcc.a(_udivmod64.o)
 .bss           0x0000000000001ee2        0x0 /usr/lib/gcc/msp430/4.6.3/mcpu-430x/mmpy-16/libcrt0.a(_reset_vector__.o)
 .bss           0x0000000000001ee2        0x0 /usr/lib/gcc/msp430/4.6.3/mcpu-430x/mmpy-16/libcrt0.a(__watchdog_support.o)
 .bss           0x0000000000001ee2        0x0 /usr/lib/gcc/msp430/4.6.3/mcpu-430x/mmpy-16/libcrt0.a(__init_stack.o)
 .bss           0x0000000000001ee2        0x0 /usr/lib/gcc/msp430/4.6.3/mcpu-430x/mmpy-16/libcrt0.a(__low_level_init.o)
 .bss           0x0000000000001ee2        0x0 /usr/lib/gcc/msp430/4.6.3/mcpu-430x/mmpy-16/libcrt0.a(_copy_data.o)
 .bss           0x0000000000001ee2        0x0 /usr/lib/gcc/msp430/4.6.3/mcpu-430x/mmpy-16/libcrt0.a(_clear_bss.o)
 .bss           0x0000000000001ee2        0x0 /usr/lib/gcc/msp430/4.6.3/mcpu-430x/mmpy-16/libcrt0.a(__stop_progExec__.o)
 .bss           0x0000000000001ee2        0x0 /usr/lib/gcc/msp430/4.6.3/mcpu-430x/mmpy-16/libcrt0.a(_endless_loop__.o)
 .bss           0x0000000000001ee2        0x0 /usr/lib/gcc/msp430/4.6.3/mcpu-430x/mmpy-16/libcrt0.a(_unexpected_.o)
 *(COMMON)
 COMMON         0x0000000000001ee2        0x2 obj_z1/contiki-z1-main.o
                0x0000000000001ee2                sensors_flags
 COMMON         0x0000000000001ee4       0x10 contiki-z1.a(cc2420.o)
                0x0000000000001ee4                cc2420_last_rssi
                0x0000000000001ee6                cc2420_sfd_start_time
                0x0000000000001ee8                cc2420_time_of_departure
                0x0000000000001eea                cc2420_time_of_arrival
                0x0000000000001eec                cc2420_last_correlation
                0x0000000000001eee                cc2420_authority_level_of_sender
                0x0000000000001ef0                cc2420_sfd_counter
                0x0000000000001ef2                cc2420_sfd_end_time
 COMMON         0x0000000000001ef4        0x8 contiki-z1.a(node-id.o)
                0x0000000000001ef4                node_mac
 COMMON         0x0000000000001efc        0x1 contiki-z1.a(sensors.o)
                0x0000000000001efc                sensors_event
 *fill*         0x0000000000001efd        0x1 00
 COMMON         0x0000000000001efe       0x10 contiki-z1.a(i2cmaster.o)
                0x0000000000001efe                transmit_data1
                0x0000000000001eff                rx_byte_ctr
                0x0000000000001f00                tx_buf_ptr
                0x0000000000001f02                tx_byte_ctr
                0x0000000000001f04                i
                0x0000000000001f06                receive_data
                0x0000000000001f08                rx_buf
                0x0000000000001f0a                transmit_data2
                0x0000000000001f0c                rx_buf_ptr
 COMMON         0x0000000000001f0e        0x7 contiki-z1.a(adxl345.o)
                0x0000000000001f0e                accm_int2_cb
                0x0000000000001f10                int2_event
                0x0000000000001f12                accm_int1_cb
                0x0000000000001f14                int1_event
 *fill*         0x0000000000001f15        0x1 00
 COMMON         0x0000000000001f16       0x56 contiki-z1.a(energest.o)
                0x0000000000001f16                energest_total_time
                0x0000000000001f46                energest_total_count
                0x0000000000001f48                energest_current_mode
                0x0000000000001f54                energest_current_time
 COMMON         0x0000000000001f6c        0x1 contiki-z1.a(process.o)
                0x0000000000001f6c                process_maxevents
 COMMON         0x0000000000001f6d        0x1 contiki-z1.a(serial-line.o)
                0x0000000000001f6d                serial_line_event_message
 COMMON         0x0000000000001f6e        0x2 contiki-z1.a(linkaddr.o)
                0x0000000000001f6e                linkaddr_node_addr
 COMMON         0x0000000000001f70       0x3c contiki-z1.a(packetbuf.o)
                0x0000000000001f70                packetbuf_addrs
                0x0000000000001f78                packetbuf_attrs
 COMMON         0x0000000000001fac        0x8 contiki-z1.a(compower.o)
                0x0000000000001fac                compower_idle_activity
                0x0000000000001fb4                . = ALIGN (0x2)
                0x0000000000001fb4                PROVIDE (__bss_end, .)
                0x0000000000000dde                PROVIDE (__bss_size, SIZEOF (.bss))

.noinit         0x0000000000001fb4        0x2 load address 0x000000000000cd30
                0x0000000000001fb4                PROVIDE (__noinit_start, .)
 *(.noinit .noinit.*)
 .noinit.crt0   0x0000000000001fb4        0x2 /usr/lib/gcc/msp430/4.6.3/mcpu-430x/mmpy-16/libcrt0.a(__watchdog_support.o)
                0x0000000000001fb4                __wdt_clear_value
                0x0000000000001fb6                . = ALIGN (0x2)
                0x0000000000001fb6                PROVIDE (__noinit_end, .)
                0x0000000000001fb6                . = ALIGN (0x2)
                0x0000000000001fb6                _end = .

.infomem        0x0000000000001000        0x0
 *(.infomem)
                0x0000000000001000                . = ALIGN (0x2)
 *(.infomem.*)

.infomemnobits  0x0000000000001000        0x0
 *(.infomemnobits)
                0x0000000000001000                . = ALIGN (0x2)
 *(.infomemnobits.*)

.infoa
 *(.infoa .infoa.*)

.infob
 *(.infob .infob.*)

.infoc
 *(.infoc .infoc.*)

.infod
 *(.infod .infod.*)

.vectors        0x000000000000ffc0       0x40
                0x000000000000ffc0                PROVIDE (__vectors_start, .)
 *(.vectors*)
 .vectors       0x000000000000ffc0       0x40 /usr/lib/gcc/msp430/4.6.3/mcpu-430x/mmpy-16/crt0ivtbl32.o
                0x000000000000ffc0                __ivtbl_32
                0x0000000000010000                _vectors_end = .

.fartext        0x0000000000010000        0x0
                0x0000000000010000                . = ALIGN (0x2)
 *(.fartext)
                0x0000000000010000                . = ALIGN (0x2)
 *(.fartext.*)
                0x0000000000010000                _efartext = .

.profiler
 *(.profiler)

.stab           0x0000000000000000    0x21258
 *(.stab)
 .stab          0x0000000000000000     0x5eec gatewayMote.co
 .stab          0x0000000000005eec      0xed0 obj_z1/contiki-z1-main.o
                                       0x17f4 (size before relaxing)
 .stab          0x0000000000006dbc      0x27c contiki-z1.a(contiki-z1-plat)
                                        0x5a0 (size before relaxing)
 .stab          0x0000000000007038      0x4a4 contiki-z1.a(msp430.o)
                                        0x7f8 (size before relaxing)
 .stab          0x00000000000074dc      0x5dc contiki-z1.a(leds.o)
                                        0x828 (size before relaxing)
 .stab          0x0000000000007ab8      0x3fc contiki-z1.a(watchdog.o)
                                        0x750 (size before relaxing)
 .stab          0x0000000000007eb4      0x9fc contiki-z1.a(xmem.o)
                                        0xf3c (size before relaxing)
 .stab          0x00000000000088b0      0x288 contiki-z1.a(spi.o)
                                        0x5dc (size before relaxing)
 .stab          0x0000000000008b38     0x2358 contiki-z1.a(cc2420.o)
                                       0x2cc4 (size before relaxing)
 .stab          0x000000000000ae90      0xac8 contiki-z1.a(cc2420-arch.o)
                                       0x1380 (size before relaxing)
 .stab          0x000000000000b958      0x300 contiki-z1.a(node-id.o)
                                        0x6d8 (size before relaxing)
 .stab          0x000000000000bc58      0x654 contiki-z1.a(sensors.o)
                                        0xb70 (size before relaxing)
 .stab          0x000000000000c2ac      0x468 contiki-z1.a(button-sensor.o)
                                        0x7d4 (size before relaxing)
 .stab          0x000000000000c714      0x4f8 contiki-z1.a(uart0.o)
                                        0xa2c (size before relaxing)
 .stab          0x000000000000cc0c      0x264 contiki-z1.a(uart0-putchar.o)
                                        0x78c (size before relaxing)
 .stab          0x000000000000ce70      0xbac contiki-z1.a(sht11.o)
                                       0x10d4 (size before relaxing)
 .stab          0x000000000000da1c      0x318 contiki-z1.a(light-sensor.o)
                                        0x684 (size before relaxing)
 .stab          0x000000000000dd34      0x4f8 contiki-z1.a(sky-sensors.o)
                                        0x864 (size before relaxing)
 .stab          0x000000000000e22c      0x60c contiki-z1.a(tmp102.o)
                                        0xb4c (size before relaxing)
 .stab          0x000000000000e838      0x894 contiki-z1.a(i2cmaster.o)
                                        0xbe8 (size before relaxing)
 .stab          0x000000000000f0cc      0xb10 contiki-z1.a(adxl345.o)
                                       0x1128 (size before relaxing)
 .stab          0x000000000000fbdc      0x948 contiki-z1.a(clock.o)
                                        0xc9c (size before relaxing)
 .stab          0x0000000000010524      0x3a8 contiki-z1.a(leds-arch.o)
                                        0x6fc (size before relaxing)
 .stab          0x00000000000108cc      0x3cc contiki-z1.a(rtimer-arch.o)
                                        0x720 (size before relaxing)
 .stab          0x0000000000010c98      0x294 contiki-z1.a(autostart.o)
                                        0x534 (size before relaxing)
 .stab          0x0000000000010f2c      0x7a4 contiki-z1.a(ctimer.o)
                                        0xb10 (size before relaxing)
 .stab          0x00000000000116d0      0x474 contiki-z1.a(energest.o)
                                        0x6fc (size before relaxing)
 .stab          0x0000000000011b44      0xa38 contiki-z1.a(etimer.o)
                                        0xd08 (size before relaxing)
 .stab          0x000000000001257c      0xb7c contiki-z1.a(process.o)
                                       0x1014 (size before relaxing)
 .stab          0x00000000000130f8      0x3d8 contiki-z1.a(rtimer.o)
                                        0x6c0 (size before relaxing)
 .stab          0x00000000000134d0      0x354 contiki-z1.a(timer.o)
                                        0x594 (size before relaxing)
 .stab          0x0000000000013824      0x534 contiki-z1.a(serial-line.o)
                                        0xa50 (size before relaxing)
 .stab          0x0000000000013d58      0x7f8 contiki-z1.a(list.o)
                                        0x804 (size before relaxing)
 .stab          0x0000000000014550      0x5c4 contiki-z1.a(memb.o)
                                        0xaf8 (size before relaxing)
 .stab          0x0000000000014b14      0x228 contiki-z1.a(random.o)
                                        0x624 (size before relaxing)
 .stab          0x0000000000014d3c      0x3fc contiki-z1.a(ringbuf.o)
                                        0x63c (size before relaxing)
 .stab          0x0000000000015138      0x6e4 contiki-z1.a(announcement.o)
                                        0x984 (size before relaxing)
 .stab          0x000000000001581c      0x6d8 contiki-z1.a(broadcast.o)
                                       0x150c (size before relaxing)
 .stab          0x0000000000015ef4      0x678 contiki-z1.a(channel.o)
                                       0x129c (size before relaxing)
 .stab          0x000000000001656c      0x744 contiki-z1.a(multihop.o)
                                       0x13bc (size before relaxing)
 .stab          0x0000000000016cb0      0xcd8 contiki-z1.a(rime.o)
                                       0x141c (size before relaxing)
 .stab          0x0000000000017988      0x624 contiki-z1.a(unicast.o)
                                       0x129c (size before relaxing)
 .stab          0x0000000000017fac      0x2c4 contiki-z1.a(linkaddr.o)
                                        0x6c0 (size before relaxing)
 .stab          0x0000000000018270      0xda4 contiki-z1.a(packetbuf.o)
                                       0x1bf0 (size before relaxing)
 .stab          0x0000000000019014      0xa5c contiki-z1.a(queuebuf.o)
                                       0x1890 (size before relaxing)
 .stab          0x0000000000019a70      0xe04 contiki-z1.a(csma.o)
                                       0x15b4 (size before relaxing)
 .stab          0x000000000001a874      0x1f8 contiki-z1.a(mac.o)
                                        0x4ec (size before relaxing)
 .stab          0x000000000001aa6c     0x16ec contiki-z1.a(contikimac.o)
                                       0x22f8 (size before relaxing)
 .stab          0x000000000001c158      0x6e4 contiki-z1.a(contikimac-fram)
                                        0xf24 (size before relaxing)
 .stab          0x000000000001c83c      0x6a8 contiki-z1.a(nullsec.o)
                                        0xda4 (size before relaxing)
 .stab          0x000000000001cee4      0x51c contiki-z1.a(compower.o)
                                        0xd20 (size before relaxing)
 .stab          0x000000000001d400      0x66c contiki-z1.a(abc.o)
                                       0x14a0 (size before relaxing)
 .stab          0x000000000001da6c      0x948 contiki-z1.a(broadcast-annou)
                                       0x15c0 (size before relaxing)
 .stab          0x000000000001e3b4      0x594 contiki-z1.a(chameleon.o)
                                       0x123c (size before relaxing)
 .stab          0x000000000001e948      0x930 contiki-z1.a(framer-802154.o)
                                        0xf6c (size before relaxing)